Archive member included because of file (symbol)

/opt/microchip/xc32/v2.30/bin/bin/../../lib/gcc/pic32mx/4.8.3/../../../../pic32mx/lib/micromips/libpic32.a(memcmp.o)
                              build/default/debug/MQTTConnectServer.o (memcmp)
/opt/microchip/xc32/v2.30/bin/bin/../../lib/gcc/pic32mx/4.8.3/../../../../pic32mx/lib/micromips/libpic32.a(memcpy.o)
                              build/default/debug/MQTTPacket.o (memcpy)
/opt/microchip/xc32/v2.30/bin/bin/../../lib/gcc/pic32mx/4.8.3/../../../../pic32mx/lib/micromips/libpic32.a(memset.o)
                              build/default/debug/dns.o (memset)
/opt/microchip/xc32/v2.30/bin/bin/../../lib/gcc/pic32mx/4.8.3/../../../../pic32mx/lib/micromips/libpic32.a(strcpy.o)
                              build/default/debug/dns.o (strcpy)
/opt/microchip/xc32/v2.30/bin/bin/../../lib/gcc/pic32mx/4.8.3/../../../../pic32mx/lib/micromips/libpic32.a(strlen.o)
                              build/default/debug/dns.o (strlen)
/opt/microchip/xc32/v2.30/bin/bin/../../lib/gcc/pic32mx/4.8.3/../../../../pic32mx/lib/micromips/libpic32.a(default-bootstrap-exception-handler.o)
                              /tmp/cczDmIpw.o (_bootstrap_exception_handler)
/opt/microchip/xc32/v2.30/bin/bin/../../lib/gcc/pic32mx/4.8.3/../../../../pic32mx/lib/micromips/libpic32.a(default-on-reset.o)
                              /tmp/cczDmIpw.o (_on_reset)
/opt/microchip/xc32/v2.30/bin/bin/../../lib/gcc/pic32mx/4.8.3/../../../../pic32mx/lib/micromips/libpic32.a(default-on-bootstrap.o)
                              /tmp/cczDmIpw.o (_on_bootstrap)
/opt/microchip/xc32/v2.30/bin/bin/../../lib/gcc/pic32mx/4.8.3/../../../../pic32mx/lib/micromips/libpic32.a(default-nmi-handler.o)
                              /tmp/cczDmIpw.o (_nmi_handler)
/opt/microchip/xc32/v2.30/bin/bin/../../lib/gcc/pic32mx/4.8.3/../../../../pic32mx/lib/micromips/libpic32.a(pic32_data_init.o)
                              /tmp/cczDmIpw.o (__pic32_data_init)
/opt/microchip/xc32/v2.30/bin/bin/../../lib/gcc/pic32mx/4.8.3/../../../../pic32mx/lib/micromips/libpic32.a(general-exception.o)
                              /tmp/cczDmIpw.o (_general_exception_context)
/opt/microchip/xc32/v2.30/bin/bin/../../lib/gcc/pic32mx/4.8.3/../../../../pic32mx/lib/micromips/libpic32.a(vector0.o)
                              /tmp/ccY2Pm7b.o (__vector_dispatch_0)
/opt/microchip/xc32/v2.30/bin/bin/../../lib/gcc/pic32mx/4.8.3/../../../../pic32mx/lib/micromips/libpic32.a(vector1.o)
                              /tmp/ccY2Pm7b.o (__vector_dispatch_1)
/opt/microchip/xc32/v2.30/bin/bin/../../lib/gcc/pic32mx/4.8.3/../../../../pic32mx/lib/micromips/libpic32.a(vector2.o)
                              /tmp/ccY2Pm7b.o (__vector_dispatch_2)
/opt/microchip/xc32/v2.30/bin/bin/../../lib/gcc/pic32mx/4.8.3/../../../../pic32mx/lib/micromips/libpic32.a(vector3.o)
                              /tmp/ccY2Pm7b.o (__vector_dispatch_3)
/opt/microchip/xc32/v2.30/bin/bin/../../lib/gcc/pic32mx/4.8.3/../../../../pic32mx/lib/micromips/libpic32.a(vector4.o)
                              /tmp/ccY2Pm7b.o (__vector_dispatch_4)
/opt/microchip/xc32/v2.30/bin/bin/../../lib/gcc/pic32mx/4.8.3/../../../../pic32mx/lib/micromips/libpic32.a(vector5.o)
                              /tmp/ccY2Pm7b.o (__vector_dispatch_5)
/opt/microchip/xc32/v2.30/bin/bin/../../lib/gcc/pic32mx/4.8.3/../../../../pic32mx/lib/micromips/libpic32.a(vector6.o)
                              /tmp/ccY2Pm7b.o (__vector_dispatch_6)
/opt/microchip/xc32/v2.30/bin/bin/../../lib/gcc/pic32mx/4.8.3/../../../../pic32mx/lib/micromips/libpic32.a(vector7.o)
                              /tmp/ccY2Pm7b.o (__vector_dispatch_7)
/opt/microchip/xc32/v2.30/bin/bin/../../lib/gcc/pic32mx/4.8.3/../../../../pic32mx/lib/micromips/libpic32.a(vector8.o)
                              /tmp/ccY2Pm7b.o (__vector_dispatch_8)
/opt/microchip/xc32/v2.30/bin/bin/../../lib/gcc/pic32mx/4.8.3/../../../../pic32mx/lib/micromips/libpic32.a(vector9.o)
                              /tmp/ccY2Pm7b.o (__vector_dispatch_9)
/opt/microchip/xc32/v2.30/bin/bin/../../lib/gcc/pic32mx/4.8.3/../../../../pic32mx/lib/micromips/libpic32.a(vector10.o)
                              /tmp/ccY2Pm7b.o (__vector_dispatch_10)
/opt/microchip/xc32/v2.30/bin/bin/../../lib/gcc/pic32mx/4.8.3/../../../../pic32mx/lib/micromips/libpic32.a(vector11.o)
                              /tmp/ccY2Pm7b.o (__vector_dispatch_11)
/opt/microchip/xc32/v2.30/bin/bin/../../lib/gcc/pic32mx/4.8.3/../../../../pic32mx/lib/micromips/libpic32.a(vector12.o)
                              /tmp/ccY2Pm7b.o (__vector_dispatch_12)
/opt/microchip/xc32/v2.30/bin/bin/../../lib/gcc/pic32mx/4.8.3/../../../../pic32mx/lib/micromips/libpic32.a(vector13.o)
                              /tmp/ccY2Pm7b.o (__vector_dispatch_13)
/opt/microchip/xc32/v2.30/bin/bin/../../lib/gcc/pic32mx/4.8.3/../../../../pic32mx/lib/micromips/libpic32.a(vector14.o)
                              /tmp/ccY2Pm7b.o (__vector_dispatch_14)
[...]
Memory Configuration

Name             Origin             Length             Attributes
kseg0_data_mem   0x80000000         0x00008000         w !x
kseg1_data_mem   0xa0000000         0x00000200
kseg0_boot_mem   0x9fc00490         0x00000000
kseg1_boot_mem   0xbfc00000         0x00000490
kseg0_program_mem 0x9d000000         0x00040000         xr
debug_exec_mem   0x9fc00490         0x00000760
config_BFC01744  0xbfc01744         0x00000004
config_BFC01748  0xbfc01748         0x00000004
config_BFC0174C  0xbfc0174c         0x00000004
config_BFC01750  0xbfc01750         0x00000004
config_BFC01754  0xbfc01754         0x00000004
config_BFC01758  0xbfc01758         0x00000004
config_BFC01760  0xbfc01760         0x00000004
config_BFC017C4  0xbfc017c4         0x00000004
config_BFC017C8  0xbfc017c8         0x00000004
config_BFC017CC  0xbfc017cc         0x00000004
config_BFC017D0  0xbfc017d0         0x00000004
config_BFC017D4  0xbfc017d4         0x00000004
config_BFC017D8  0xbfc017d8         0x00000004
config_BFC017E0  0xbfc017e0         0x00000004
sfrs             0xbf800000         0x00100000
configsfrs_BFC01740 0xbfc01740         0x0000001c
configsfrs_BFC017C0 0xbfc017c0         0x0000001c
*default*        0x00000000         0xffffffff

Linker script and memory map


reserve_data_0_kseg0
                0x80000000      0x200
                0x80000000        0x2 SHORT 0x0
                0x000001fd                . = 0x1fd
 *fill*         0x80000002      0x1fb 
                0x80000200                . = ALIGN (0x4)
 *fill*         0x800001fd        0x3 

reserve_data_0_kseg1
                0xa0000000      0x200
                0xa0000000        0x2 SHORT 0x0
                0x000001fd                . = 0x1fd
 *fill*         0xa0000002      0x1fb 
                0xa0000200                . = ALIGN (0x4)
 *fill*         0xa00001fd        0x3 

reserve_boot_0x1fc00490_kseg0
                0x9fc00490     0x1270
                0x9fc00490        0x2 SHORT 0x0
                0x00000760                . = 0x760
 *fill*         0x9fc00492      0x75e 
                0x9fc00bf0                . = ALIGN (0x4)
                0x9fc00bf0        0x2 SHORT 0x0
                0x00001270                . = 0x1270
 *fill*         0x9fc00bf2      0xb0e 
                0x9fc01700                . = ALIGN (0x4)

reserve_boot_0x1fc00490_kseg1
                0xbfc00490     0x1270
                0xbfc00490        0x2 SHORT 0x0
                0x00000760                . = 0x760
 *fill*         0xbfc00492      0x75e 
                0xbfc00bf0                . = ALIGN (0x4)
                0xbfc00bf0        0x2 SHORT 0x0
                0x00001270                . = 0x1270
 *fill*         0xbfc00bf2      0xb0e 
                0xbfc01700                . = ALIGN (0x4)
LOAD /opt/microchip/xc32/v2.30/bin/bin/../../lib/gcc/pic32mx/4.8.3/../../../../pic32mx/lib/micromips/software-debug-break.o
LOAD build/default/debug/w5500.o
LOAD build/default/debug/socket.o
LOAD build/default/debug/wizchip_conf.o
LOAD build/default/debug/dhcp.o
LOAD build/default/debug/dns.o
LOAD build/default/debug/MQTTConnectClient.o
LOAD build/default/debug/MQTTConnectServer.o
LOAD build/default/debug/MQTTDeserializePublish.o
LOAD build/default/debug/MQTTFormat.o
LOAD build/default/debug/MQTTPacket.o
LOAD build/default/debug/MQTTSerializePublish.o
LOAD build/default/debug/MQTTSubscribeClient.o
LOAD build/default/debug/MQTTSubscribeServer.o
LOAD build/default/debug/MQTTUnsubscribeClient.o
LOAD build/default/debug/MQTTUnsubscribeServer.o
LOAD build/default/debug/MQTTClient.o
LOAD build/default/debug/mqtt_interface.o
LOAD build/default/debug/mcc_generated_files/spi3.o
LOAD build/default/debug/mcc_generated_files/system.o
LOAD build/default/debug/mcc_generated_files/clock.o
LOAD build/default/debug/mcc_generated_files/exceptions.o
LOAD build/default/debug/mcc_generated_files/interrupt_manager.o
LOAD build/default/debug/mcc_generated_files/mcc.o
LOAD build/default/debug/mcc_generated_files/pin_manager.o
LOAD build/default/debug/mcc_generated_files/uart1.o
LOAD build/default/debug/main.o
LOAD build/default/debug/delay.o
                0x00000001                __MPLAB_BUILD = 0x1
                0x00000001                __MPLAB_DEBUG = 0x1
                0x00000001                __DEBUG = 0x1
                0x00000001                __MPLAB_DEBUGGER_PK3 = 0x1
LOAD /tmp/cczDmIpw.o
LOAD /tmp/ccHW3q0Q.o
LOAD /tmp/ccY2Pm7b.o
LOAD /opt/microchip/xc32/v2.30/bin/bin/../../lib/gcc/pic32mx/4.8.3/../../../../pic32mx/lib/./proc/32MM0256GPM064/default_isr_vectors.o
LOAD /opt/microchip/xc32/v2.30/bin/bin/../../lib/gcc/pic32mx/4.8.3/../../../../pic32mx/lib/micromips/pic32_software_reset-mm.o
                0x00000400                PROVIDE (_min_stack_size, 0x400)
START GROUP
LOAD /opt/microchip/xc32/v2.30/bin/bin/../../lib/gcc/pic32mx/4.8.3/../../../../pic32mx/lib/./proc/32MM0256GPM064/processor.o
END GROUP
                0x00000001                PROVIDE (_vector_spacing, 0x1)
                0x9d000000                PROVIDE (_ebase_address, 0x9d000000)
                0xbfc00000                _RESET_ADDR = 0xbfc00000
                0xbfc00380                _BEV_EXCPT_ADDR = 0xbfc00380
                0xbfc00480                _DBG_EXCPT_ADDR = 0xbfc00480
                0x9fc00490                _DBG_CODE_ADDR = 0x9fc00490
                0x00000760                _DBG_CODE_SIZE = 0x760
                0x9d000000                _SIMPLE_TLB_REFILL_EXCPT_ADDR = (_ebase_address + 0x0)
                0x9d000180                _GEN_EXCPT_ADDR = (_ebase_address + 0x180)

.config_BFC01744
 *(.config_BFC01744)

.config_BFC01748
 *(.config_BFC01748)

.config_BFC0174C
 *(.config_BFC0174C)

.config_BFC01750
 *(.config_BFC01750)

.config_BFC01754
 *(.config_BFC01754)

.config_BFC01758
 *(.config_BFC01758)

.config_BFC01760
 *(.config_BFC01760)

.config_BFC017C4
 *(.config_BFC017C4)

.config_BFC017C8
 *(.config_BFC017C8)

.config_BFC017CC
 *(.config_BFC017CC)

.config_BFC017D0
 *(.config_BFC017D0)

.config_BFC017D4
 *(.config_BFC017D4)

.config_BFC017D8
 *(.config_BFC017D8)

.config_BFC017E0
 *(.config_BFC017E0)

.reset          0xbfc00000      0x164
 *(.reset)
 .reset         0xbfc00000        0x8 /tmp/cczDmIpw.o
                0xbfc00001                _reset
 *(.reset.startup)
 .reset.startup
                0xbfc00008      0x15c /tmp/cczDmIpw.o
                0xbfc00009                _startup

.bev_excpt      0xbfc00380        0xc
 *(.bev_handler)
 .bev_handler   0xbfc00380        0xc /tmp/cczDmIpw.o

.dbg_excpt      0xbfc00480        0x0
                0xbfc00480                . = (. + DEFINED (_DEBUGGER)?0x8:0x0)

.dbg_code       0x9fc00490        0x0
                0x9fc00490                . = (. + DEFINED (_DEBUGGER)?_DBG_CODE_SIZE:0x0)

.app_excpt      0x9d000180        0xc
 *(.gen_handler)
 .gen_handler   0x9d000180        0xc /tmp/cczDmIpw.o

.vector_0       0x9d000200        0x8
 *(.vector_0)
 .vector_0      0x9d000200        0x8 /opt/microchip/xc32/v2.30/bin/bin/../../lib/gcc/pic32mx/4.8.3/../../../../pic32mx/lib/micromips/libpic32.a(vector0.o)
                0x9d000201                __vector_dispatch_0
                0x00000001                ASSERT (((_vector_spacing == 0x0) || (SIZEOF (.vector_0) <= (_vector_spacing << 0x3))), function at exception vector 0 too large)

.vector_1       0x9d000208        0x8
 *(.vector_1)
 .vector_1      0x9d000208        0x8 /opt/microchip/xc32/v2.30/bin/bin/../../lib/gcc/pic32mx/4.8.3/../../../../pic32mx/lib/micromips/libpic32.a(vector1.o)
                0x9d000209                __vector_dispatch_1
                0x00000001                ASSERT (((_vector_spacing == 0x0) || (SIZEOF (.vector_1) <= (_vector_spacing << 0x3))), function at exception vector 1 too large)

.vector_2       0x9d000210        0x8
 *(.vector_2)
 .vector_2      0x9d000210        0x8 /opt/microchip/xc32/v2.30/bin/bin/../../lib/gcc/pic32mx/4.8.3/../../../../pic32mx/lib/micromips/libpic32.a(vector2.o)
                0x9d000211                __vector_dispatch_2
                0x00000001                ASSERT (((_vector_spacing == 0x0) || (SIZEOF (.vector_2) <= (_vector_spacing << 0x3))), function at exception vector 2 too large)

.vector_3       0x9d000218        0x8
 *(.vector_3)
 .vector_3      0x9d000218        0x8 /opt/microchip/xc32/v2.30/bin/bin/../../lib/gcc/pic32mx/4.8.3/../../../../pic32mx/lib/micromips/libpic32.a(vector3.o)
                0x9d000219                __vector_dispatch_3
                0x00000001                ASSERT (((_vector_spacing == 0x0) || (SIZEOF (.vector_3) <= (_vector_spacing << 0x3))), function at exception vector 3 too large)

.vector_4       0x9d000220        0x8
 *(.vector_4)
 .vector_4      0x9d000220        0x8 /opt/microchip/xc32/v2.30/bin/bin/../../lib/gcc/pic32mx/4.8.3/../../../../pic32mx/lib/micromips/libpic32.a(vector4.o)
                0x9d000221                __vector_dispatch_4
                0x00000001                ASSERT (((_vector_spacing == 0x0) || (SIZEOF (.vector_4) <= (_vector_spacing << 0x3))), function at exception vector 4 too large)

.vector_5       0x9d000228        0x8
 *(.vector_5)
 .vector_5      0x9d000228        0x8 /opt/microchip/xc32/v2.30/bin/bin/../../lib/gcc/pic32mx/4.8.3/../../../../pic32mx/lib/micromips/libpic32.a(vector5.o)
                0x9d000229                __vector_dispatch_5
                0x00000001                ASSERT (((_vector_spacing == 0x0) || (SIZEOF (.vector_5) <= (_vector_spacing << 0x3))), function at exception vector 5 too large)

.vector_6       0x9d000230        0x8
 *(.vector_6)
 .vector_6      0x9d000230        0x8 /opt/microchip/xc32/v2.30/bin/bin/../../lib/gcc/pic32mx/4.8.3/../../../../pic32mx/lib/micromips/libpic32.a(vector6.o)
                0x9d000231                __vector_dispatch_6
                0x00000001                ASSERT (((_vector_spacing == 0x0) || (SIZEOF (.vector_6) <= (_vector_spacing << 0x3))), function at exception vector 6 too large)

.vector_7       0x9d000238        0x8
 *(.vector_7)
 .vector_7      0x9d000238        0x8 /opt/microchip/xc32/v2.30/bin/bin/../../lib/gcc/pic32mx/4.8.3/../../../../pic32mx/lib/micromips/libpic32.a(vector7.o)
                0x9d000239                __vector_dispatch_7
                0x00000001                ASSERT (((_vector_spacing == 0x0) || (SIZEOF (.vector_7) <= (_vector_spacing << 0x3))), function at exception vector 7 too large)

.vector_8       0x9d000240        0x8
 *(.vector_8)
 .vector_8      0x9d000240        0x8 /opt/microchip/xc32/v2.30/bin/bin/../../lib/gcc/pic32mx/4.8.3/../../../../pic32mx/lib/micromips/libpic32.a(vector8.o)
                0x9d000241                __vector_dispatch_8
                0x00000001                ASSERT (((_vector_spacing == 0x0) || (SIZEOF (.vector_8) <= (_vector_spacing << 0x3))), function at exception vector 8 too large)

.vector_9       0x9d000248        0x8
 *(.vector_9)
 .vector_9      0x9d000248        0x8 /opt/microchip/xc32/v2.30/bin/bin/../../lib/gcc/pic32mx/4.8.3/../../../../pic32mx/lib/micromips/libpic32.a(vector9.o)
                0x9d000249                __vector_dispatch_9
                0x00000001                ASSERT (((_vector_spacing == 0x0) || (SIZEOF (.vector_9) <= (_vector_spacing << 0x3))), function at exception vector 9 too large)

.vector_10      0x9d000250        0x8
 *(.vector_10)
 .vector_10     0x9d000250        0x8 /opt/microchip/xc32/v2.30/bin/bin/../../lib/gcc/pic32mx/4.8.3/../../../../pic32mx/lib/micromips/libpic32.a(vector10.o)
                0x9d000251                __vector_dispatch_10
                0x00000001                ASSERT (((_vector_spacing == 0x0) || (SIZEOF (.vector_10) <= (_vector_spacing << 0x3))), function at exception vector 10 too large)

.vector_11      0x9d000258        0x8
 *(.vector_11)
 .vector_11     0x9d000258        0x8 /opt/microchip/xc32/v2.30/bin/bin/../../lib/gcc/pic32mx/4.8.3/../../../../pic32mx/lib/micromips/libpic32.a(vector11.o)
                0x9d000259                __vector_dispatch_11
                0x00000001                ASSERT (((_vector_spacing == 0x0) || (SIZEOF (.vector_11) <= (_vector_spacing << 0x3))), function at exception vector 11 too large)

.vector_12      0x9d000260        0x8
 *(.vector_12)
 .vector_12     0x9d000260        0x8 /opt/microchip/xc32/v2.30/bin/bin/../../lib/gcc/pic32mx/4.8.3/../../../../pic32mx/lib/micromips/libpic32.a(vector12.o)
                0x9d000261                __vector_dispatch_12
                0x00000001                ASSERT (((_vector_spacing == 0x0) || (SIZEOF (.vector_12) <= (_vector_spacing << 0x3))), function at exception vector 12 too large)

.vector_13      0x9d000268        0x8
 *(.vector_13)
 .vector_13     0x9d000268        0x8 /opt/microchip/xc32/v2.30/bin/bin/../../lib/gcc/pic32mx/4.8.3/../../../../pic32mx/lib/micromips/libpic32.a(vector13.o)
                0x9d000269                __vector_dispatch_13
                0x00000001                ASSERT (((_vector_spacing == 0x0) || (SIZEOF (.vector_13) <= (_vector_spacing << 0x3))), function at exception vector 13 too large)

.vector_14      0x9d000270        0x8
 *(.vector_14)
 .vector_14     0x9d000270        0x8 /opt/microchip/xc32/v2.30/bin/bin/../../lib/gcc/pic32mx/4.8.3/../../../../pic32mx/lib/micromips/libpic32.a(vector14.o)
                0x9d000271                __vector_dispatch_14
                0x00000001                ASSERT (((_vector_spacing == 0x0) || (SIZEOF (.vector_14) <= (_vector_spacing << 0x3))), function at exception vector 14 too large)

.vector_15      0x9d000278        0x8
 *(.vector_15)
 .vector_15     0x9d000278        0x8 /opt/microchip/xc32/v2.30/bin/bin/../../lib/gcc/pic32mx/4.8.3/../../../../pic32mx/lib/micromips/libpic32.a(vector15.o)
                0x9d000279                __vector_dispatch_15
                0x00000001                ASSERT (((_vector_spacing == 0x0) || (SIZEOF (.vector_15) <= (_vector_spacing << 0x3))), function at exception vector 15 too large)

.vector_16      0x9d000280        0x8
 *(.vector_16)
 .vector_16     0x9d000280        0x8 /opt/microchip/xc32/v2.30/bin/bin/../../lib/gcc/pic32mx/4.8.3/../../../../pic32mx/lib/micromips/libpic32.a(vector16.o)
                0x9d000281                __vector_dispatch_16
                0x00000001                ASSERT (((_vector_spacing == 0x0) || (SIZEOF (.vector_16) <= (_vector_spacing << 0x3))), function at exception vector 16 too large)

.vector_17      0x9d000288        0x8
 *(.vector_17)
 .vector_17     0x9d000288        0x8 /opt/microchip/xc32/v2.30/bin/bin/../../lib/gcc/pic32mx/4.8.3/../../../../pic32mx/lib/micromips/libpic32.a(vector17.o)
                0x9d000289                __vector_dispatch_17
                0x00000001                ASSERT (((_vector_spacing == 0x0) || (SIZEOF (.vector_17) <= (_vector_spacing << 0x3))), function at exception vector 17 too large)

.vector_18      0x9d000290        0x8
 *(.vector_18)
 .vector_18     0x9d000290        0x8 /opt/microchip/xc32/v2.30/bin/bin/../../lib/gcc/pic32mx/4.8.3/../../../../pic32mx/lib/micromips/libpic32.a(vector18.o)
                0x9d000291                __vector_dispatch_18
                0x00000001                ASSERT (((_vector_spacing == 0x0) || (SIZEOF (.vector_18) <= (_vector_spacing << 0x3))), function at exception vector 18 too large)

.vector_19      0x9d000298        0x8
 *(.vector_19)
 .vector_19     0x9d000298        0x8 /opt/microchip/xc32/v2.30/bin/bin/../../lib/gcc/pic32mx/4.8.3/../../../../pic32mx/lib/micromips/libpic32.a(vector19.o)
                0x9d000299                __vector_dispatch_19
                0x00000001                ASSERT (((_vector_spacing == 0x0) || (SIZEOF (.vector_19) <= (_vector_spacing << 0x3))), function at exception vector 19 too large)

.vector_20      0x9d0002a0        0x8
 *(.vector_20)
 .vector_20     0x9d0002a0        0x8 /opt/microchip/xc32/v2.30/bin/bin/../../lib/gcc/pic32mx/4.8.3/../../../../pic32mx/lib/micromips/libpic32.a(vector20.o)
                0x9d0002a1                __vector_dispatch_20
                0x00000001                ASSERT (((_vector_spacing == 0x0) || (SIZEOF (.vector_20) <= (_vector_spacing << 0x3))), function at exception vector 20 too large)

.vector_21      0x9d0002a8        0x8
 *(.vector_21)
 .vector_21     0x9d0002a8        0x8 /opt/microchip/xc32/v2.30/bin/bin/../../lib/gcc/pic32mx/4.8.3/../../../../pic32mx/lib/micromips/libpic32.a(vector21.o)
                0x9d0002a9                __vector_dispatch_21
                0x00000001                ASSERT (((_vector_spacing == 0x0) || (SIZEOF (.vector_21) <= (_vector_spacing << 0x3))), function at exception vector 21 too large)

.vector_22      0x9d0002b0        0x8
 *(.vector_22)
 .vector_22     0x9d0002b0        0x8 /opt/microchip/xc32/v2.30/bin/bin/../../lib/gcc/pic32mx/4.8.3/../../../../pic32mx/lib/micromips/libpic32.a(vector22.o)
                0x9d0002b1                __vector_dispatch_22
                0x00000001                ASSERT (((_vector_spacing == 0x0) || (SIZEOF (.vector_22) <= (_vector_spacing << 0x3))), function at exception vector 22 too large)

.vector_23      0x9d0002b8        0x8
 *(.vector_23)
 .vector_23     0x9d0002b8        0x8 /opt/microchip/xc32/v2.30/bin/bin/../../lib/gcc/pic32mx/4.8.3/../../../../pic32mx/lib/micromips/libpic32.a(vector23.o)
                0x9d0002b9                __vector_dispatch_23
                0x00000001                ASSERT (((_vector_spacing == 0x0) || (SIZEOF (.vector_23) <= (_vector_spacing << 0x3))), function at exception vector 23 too large)

.vector_24      0x9d0002c0        0x8
 *(.vector_24)
 .vector_24     0x9d0002c0        0x8 /opt/microchip/xc32/v2.30/bin/bin/../../lib/gcc/pic32mx/4.8.3/../../../../pic32mx/lib/micromips/libpic32.a(vector24.o)
                0x9d0002c1                __vector_dispatch_24
                0x00000001                ASSERT (((_vector_spacing == 0x0) || (SIZEOF (.vector_24) <= (_vector_spacing << 0x3))), function at exception vector 24 too large)

.vector_25      0x9d0002c8        0x8
 *(.vector_25)
 .vector_25     0x9d0002c8        0x8 /opt/microchip/xc32/v2.30/bin/bin/../../lib/gcc/pic32mx/4.8.3/../../../../pic32mx/lib/micromips/libpic32.a(vector25.o)
                0x9d0002c9                __vector_dispatch_25
                0x00000001                ASSERT (((_vector_spacing == 0x0) || (SIZEOF (.vector_25) <= (_vector_spacing << 0x3))), function at exception vector 25 too large)

.vector_26      0x9d0002d0        0x8
 *(.vector_26)
 .vector_26     0x9d0002d0        0x8 /opt/microchip/xc32/v2.30/bin/bin/../../lib/gcc/pic32mx/4.8.3/../../../../pic32mx/lib/micromips/libpic32.a(vector26.o)
                0x9d0002d1                __vector_dispatch_26
                0x00000001                ASSERT (((_vector_spacing == 0x0) || (SIZEOF (.vector_26) <= (_vector_spacing << 0x3))), function at exception vector 26 too large)

.vector_27      0x9d0002d8        0x8
 *(.vector_27)
 .vector_27     0x9d0002d8        0x8 /opt/microchip/xc32/v2.30/bin/bin/../../lib/gcc/pic32mx/4.8.3/../../../../pic32mx/lib/micromips/libpic32.a(vector27.o)
                0x9d0002d9                __vector_dispatch_27
                0x00000001                ASSERT (((_vector_spacing == 0x0) || (SIZEOF (.vector_27) <= (_vector_spacing << 0x3))), function at exception vector 27 too large)

.vector_28      0x9d0002e0        0x8
 *(.vector_28)
 .vector_28     0x9d0002e0        0x8 /opt/microchip/xc32/v2.30/bin/bin/../../lib/gcc/pic32mx/4.8.3/../../../../pic32mx/lib/micromips/libpic32.a(vector28.o)
                0x9d0002e1                __vector_dispatch_28
                0x00000001                ASSERT (((_vector_spacing == 0x0) || (SIZEOF (.vector_28) <= (_vector_spacing << 0x3))), function at exception vector 28 too large)

.vector_29      0x9d0002e8        0x8
 *(.vector_29)
 .vector_29     0x9d0002e8        0x8 /opt/microchip/xc32/v2.30/bin/bin/../../lib/gcc/pic32mx/4.8.3/../../../../pic32mx/lib/micromips/libpic32.a(vector29.o)
                0x9d0002e9                __vector_dispatch_29
                0x00000001                ASSERT (((_vector_spacing == 0x0) || (SIZEOF (.vector_29) <= (_vector_spacing << 0x3))), function at exception vector 29 too large)

.vector_30      0x9d0002f0        0x8
 *(.vector_30)
 .vector_30     0x9d0002f0        0x8 /opt/microchip/xc32/v2.30/bin/bin/../../lib/gcc/pic32mx/4.8.3/../../../../pic32mx/lib/micromips/libpic32.a(vector30.o)
                0x9d0002f1                __vector_dispatch_30
                0x00000001                ASSERT (((_vector_spacing == 0x0) || (SIZEOF (.vector_30) <= (_vector_spacing << 0x3))), function at exception vector 30 too large)

.vector_31      0x9d0002f8        0x8
 *(.vector_31)
 .vector_31     0x9d0002f8        0x8 /opt/microchip/xc32/v2.30/bin/bin/../../lib/gcc/pic32mx/4.8.3/../../../../pic32mx/lib/micromips/libpic32.a(vector31.o)
                0x9d0002f9                __vector_dispatch_31
                0x00000001                ASSERT (((_vector_spacing == 0x0) || (SIZEOF (.vector_31) <= (_vector_spacing << 0x3))), function at exception vector 31 too large)

.vector_32      0x9d000300        0x8
 *(.vector_32)
 .vector_32     0x9d000300        0x8 /opt/microchip/xc32/v2.30/bin/bin/../../lib/gcc/pic32mx/4.8.3/../../../../pic32mx/lib/micromips/libpic32.a(vector32.o)
                0x9d000301                __vector_dispatch_32
                0x00000001                ASSERT (((_vector_spacing == 0x0) || (SIZEOF (.vector_32) <= (_vector_spacing << 0x3))), function at exception vector 32 too large)

.vector_33      0x9d000308        0x8
 *(.vector_33)
 .vector_33     0x9d000308        0x8 /opt/microchip/xc32/v2.30/bin/bin/../../lib/gcc/pic32mx/4.8.3/../../../../pic32mx/lib/micromips/libpic32.a(vector33.o)
                0x9d000309                __vector_dispatch_33
                0x00000001                ASSERT (((_vector_spacing == 0x0) || (SIZEOF (.vector_33) <= (_vector_spacing << 0x3))), function at exception vector 33 too large)

.vector_34      0x9d000310        0x8
 *(.vector_34)
 .vector_34     0x9d000310        0x8 /opt/microchip/xc32/v2.30/bin/bin/../../lib/gcc/pic32mx/4.8.3/../../../../pic32mx/lib/micromips/libpic32.a(vector34.o)
                0x9d000311                __vector_dispatch_34
                0x00000001                ASSERT (((_vector_spacing == 0x0) || (SIZEOF (.vector_34) <= (_vector_spacing << 0x3))), function at exception vector 34 too large)

.vector_35      0x9d000318        0x8
 *(.vector_35)
 .vector_35     0x9d000318        0x8 /opt/microchip/xc32/v2.30/bin/bin/../../lib/gcc/pic32mx/4.8.3/../../../../pic32mx/lib/micromips/libpic32.a(vector35.o)
                0x9d000319                __vector_dispatch_35
                0x00000001                ASSERT (((_vector_spacing == 0x0) || (SIZEOF (.vector_35) <= (_vector_spacing << 0x3))), function at exception vector 35 too large)

.vector_36      0x9d000320        0x8
 *(.vector_36)
 .vector_36     0x9d000320        0x8 /opt/microchip/xc32/v2.30/bin/bin/../../lib/gcc/pic32mx/4.8.3/../../../../pic32mx/lib/micromips/libpic32.a(vector36.o)
                0x9d000321                __vector_dispatch_36
                0x00000001                ASSERT (((_vector_spacing == 0x0) || (SIZEOF (.vector_36) <= (_vector_spacing << 0x3))), function at exception vector 36 too large)

.vector_37      0x9d000328        0x8
 *(.vector_37)
 .vector_37     0x9d000328        0x8 /opt/microchip/xc32/v2.30/bin/bin/../../lib/gcc/pic32mx/4.8.3/../../../../pic32mx/lib/micromips/libpic32.a(vector37.o)
                0x9d000329                __vector_dispatch_37
                0x00000001                ASSERT (((_vector_spacing == 0x0) || (SIZEOF (.vector_37) <= (_vector_spacing << 0x3))), function at exception vector 37 too large)

.vector_38      0x9d000330        0x8
 *(.vector_38)
 .vector_38     0x9d000330        0x8 /opt/microchip/xc32/v2.30/bin/bin/../../lib/gcc/pic32mx/4.8.3/../../../../pic32mx/lib/micromips/libpic32.a(vector38.o)
                0x9d000331                __vector_dispatch_38
                0x00000001                ASSERT (((_vector_spacing == 0x0) || (SIZEOF (.vector_38) <= (_vector_spacing << 0x3))), function at exception vector 38 too large)

.vector_39      0x9d000338        0x8
 *(.vector_39)
 .vector_39     0x9d000338        0x8 /opt/microchip/xc32/v2.30/bin/bin/../../lib/gcc/pic32mx/4.8.3/../../../../pic32mx/lib/micromips/libpic32.a(vector39.o)
                0x9d000339                __vector_dispatch_39
                0x00000001                ASSERT (((_vector_spacing == 0x0) || (SIZEOF (.vector_39) <= (_vector_spacing << 0x3))), function at exception vector 39 too large)

.vector_40      0x9d000340        0x8
 *(.vector_40)
 .vector_40     0x9d000340        0x8 /opt/microchip/xc32/v2.30/bin/bin/../../lib/gcc/pic32mx/4.8.3/../../../../pic32mx/lib/micromips/libpic32.a(vector40.o)
                0x9d000341                __vector_dispatch_40
                0x00000001                ASSERT (((_vector_spacing == 0x0) || (SIZEOF (.vector_40) <= (_vector_spacing << 0x3))), function at exception vector 40 too large)

.vector_41      0x9d000348        0x8
 *(.vector_41)
 .vector_41     0x9d000348        0x8 /opt/microchip/xc32/v2.30/bin/bin/../../lib/gcc/pic32mx/4.8.3/../../../../pic32mx/lib/micromips/libpic32.a(vector41.o)
                0x9d000349                __vector_dispatch_41
                0x00000001                ASSERT (((_vector_spacing == 0x0) || (SIZEOF (.vector_41) <= (_vector_spacing << 0x3))), function at exception vector 41 too large)

.vector_42      0x9d000350        0x8
 *(.vector_42)
 .vector_42     0x9d000350        0x8 /opt/microchip/xc32/v2.30/bin/bin/../../lib/gcc/pic32mx/4.8.3/../../../../pic32mx/lib/micromips/libpic32.a(vector42.o)
                0x9d000351                __vector_dispatch_42
                0x00000001                ASSERT (((_vector_spacing == 0x0) || (SIZEOF (.vector_42) <= (_vector_spacing << 0x3))), function at exception vector 42 too large)

.vector_43      0x9d000358        0x8
 *(.vector_43)
 .vector_43     0x9d000358        0x8 /opt/microchip/xc32/v2.30/bin/bin/../../lib/gcc/pic32mx/4.8.3/../../../../pic32mx/lib/micromips/libpic32.a(vector43.o)
                0x9d000359                __vector_dispatch_43
                0x00000001                ASSERT (((_vector_spacing == 0x0) || (SIZEOF (.vector_43) <= (_vector_spacing << 0x3))), function at exception vector 43 too large)

.vector_44      0x9d000360        0x8
 *(.vector_44)
 .vector_44     0x9d000360        0x8 /opt/microchip/xc32/v2.30/bin/bin/../../lib/gcc/pic32mx/4.8.3/../../../../pic32mx/lib/micromips/libpic32.a(vector44.o)
                0x9d000361                __vector_dispatch_44
                0x00000001                ASSERT (((_vector_spacing == 0x0) || (SIZEOF (.vector_44) <= (_vector_spacing << 0x3))), function at exception vector 44 too large)

.vector_45      0x9d000368        0x8
 *(.vector_45)
 .vector_45     0x9d000368        0x8 /opt/microchip/xc32/v2.30/bin/bin/../../lib/gcc/pic32mx/4.8.3/../../../../pic32mx/lib/micromips/libpic32.a(vector45.o)
                0x9d000369                __vector_dispatch_45
                0x00000001                ASSERT (((_vector_spacing == 0x0) || (SIZEOF (.vector_45) <= (_vector_spacing << 0x3))), function at exception vector 45 too large)

.vector_46      0x9d000370        0x8
 *(.vector_46)
 .vector_46     0x9d000370        0x8 /opt/microchip/xc32/v2.30/bin/bin/../../lib/gcc/pic32mx/4.8.3/../../../../pic32mx/lib/micromips/libpic32.a(vector46.o)
                0x9d000371                __vector_dispatch_46
                0x00000001                ASSERT (((_vector_spacing == 0x0) || (SIZEOF (.vector_46) <= (_vector_spacing << 0x3))), function at exception vector 46 too large)

.vector_47      0x9d000378        0x8
 *(.vector_47)
 .vector_47     0x9d000378        0x8 /opt/microchip/xc32/v2.30/bin/bin/../../lib/gcc/pic32mx/4.8.3/../../../../pic32mx/lib/micromips/libpic32.a(vector47.o)
                0x9d000379                __vector_dispatch_47
                0x00000001                ASSERT (((_vector_spacing == 0x0) || (SIZEOF (.vector_47) <= (_vector_spacing << 0x3))), function at exception vector 47 too large)

.vector_48      0x9d000380        0x8
 *(.vector_48)
 .vector_48     0x9d000380        0x8 /opt/microchip/xc32/v2.30/bin/bin/../../lib/gcc/pic32mx/4.8.3/../../../../pic32mx/lib/micromips/libpic32.a(vector48.o)
                0x9d000381                __vector_dispatch_48
                0x00000001                ASSERT (((_vector_spacing == 0x0) || (SIZEOF (.vector_48) <= (_vector_spacing << 0x3))), function at exception vector 48 too large)

.vector_49      0x9d000388        0x8
 *(.vector_49)
 .vector_49     0x9d000388        0x8 /opt/microchip/xc32/v2.30/bin/bin/../../lib/gcc/pic32mx/4.8.3/../../../../pic32mx/lib/micromips/libpic32.a(vector49.o)
                0x9d000389                __vector_dispatch_49
                0x00000001                ASSERT (((_vector_spacing == 0x0) || (SIZEOF (.vector_49) <= (_vector_spacing << 0x3))), function at exception vector 49 too large)

.vector_50      0x9d000390        0x8
 *(.vector_50)
 .vector_50     0x9d000390        0x8 /opt/microchip/xc32/v2.30/bin/bin/../../lib/gcc/pic32mx/4.8.3/../../../../pic32mx/lib/micromips/libpic32.a(vector50.o)
                0x9d000391                __vector_dispatch_50
                0x00000001                ASSERT (((_vector_spacing == 0x0) || (SIZEOF (.vector_50) <= (_vector_spacing << 0x3))), function at exception vector 50 too large)

.vector_51      0x9d000398        0x8
 *(.vector_51)
 .vector_51     0x9d000398        0x8 /opt/microchip/xc32/v2.30/bin/bin/../../lib/gcc/pic32mx/4.8.3/../../../../pic32mx/lib/micromips/libpic32.a(vector51.o)
                0x9d000399                __vector_dispatch_51
                0x00000001                ASSERT (((_vector_spacing == 0x0) || (SIZEOF (.vector_51) <= (_vector_spacing << 0x3))), function at exception vector 51 too large)

.vector_52      0x9d0003a0        0x8
 *(.vector_52)
 .vector_52     0x9d0003a0        0x8 /opt/microchip/xc32/v2.30/bin/bin/../../lib/gcc/pic32mx/4.8.3/../../../../pic32mx/lib/micromips/libpic32.a(vector52.o)
                0x9d0003a1                __vector_dispatch_52
                0x00000001                ASSERT (((_vector_spacing == 0x0) || (SIZEOF (.vector_52) <= (_vector_spacing << 0x3))), function at exception vector 52 too large)

.vector_53      0x9d0003a8        0x8
 *(.vector_53)
 .vector_53     0x9d0003a8        0x8 /opt/microchip/xc32/v2.30/bin/bin/../../lib/gcc/pic32mx/4.8.3/../../../../pic32mx/lib/micromips/libpic32.a(vector53.o)
                0x9d0003a9                __vector_dispatch_53
                0x00000001                ASSERT (((_vector_spacing == 0x0) || (SIZEOF (.vector_53) <= (_vector_spacing << 0x3))), function at exception vector 53 too large)

.vector_54      0x9d0003b0        0x8
 *(.vector_54)
 .vector_54     0x9d0003b0        0x8 /opt/microchip/xc32/v2.30/bin/bin/../../lib/gcc/pic32mx/4.8.3/../../../../pic32mx/lib/micromips/libpic32.a(vector54.o)
                0x9d0003b1                __vector_dispatch_54
                0x00000001                ASSERT (((_vector_spacing == 0x0) || (SIZEOF (.vector_54) <= (_vector_spacing << 0x3))), function at exception vector 54 too large)

.vector_55      0x9d0003b8        0x8
 *(.vector_55)
 .vector_55     0x9d0003b8        0x8 /opt/microchip/xc32/v2.30/bin/bin/../../lib/gcc/pic32mx/4.8.3/../../../../pic32mx/lib/micromips/libpic32.a(vector55.o)
                0x9d0003b9                __vector_dispatch_55
                0x00000001                ASSERT (((_vector_spacing == 0x0) || (SIZEOF (.vector_55) <= (_vector_spacing << 0x3))), function at exception vector 55 too large)

.vector_56      0x9d0003c0        0x8
 *(.vector_56)
 .vector_56     0x9d0003c0        0x8 /opt/microchip/xc32/v2.30/bin/bin/../../lib/gcc/pic32mx/4.8.3/../../../../pic32mx/lib/micromips/libpic32.a(vector56.o)
                0x9d0003c1                __vector_dispatch_56
                0x00000001                ASSERT (((_vector_spacing == 0x0) || (SIZEOF (.vector_56) <= (_vector_spacing << 0x3))), function at exception vector 56 too large)

.vector_57      0x9d0003c8        0x8
 *(.vector_57)
 .vector_57     0x9d0003c8        0x8 /opt/microchip/xc32/v2.30/bin/bin/../../lib/gcc/pic32mx/4.8.3/../../../../pic32mx/lib/micromips/libpic32.a(vector57.o)
                0x9d0003c9                __vector_dispatch_57
                0x00000001                ASSERT (((_vector_spacing == 0x0) || (SIZEOF (.vector_57) <= (_vector_spacing << 0x3))), function at exception vector 57 too large)

.vector_58      0x9d0003d0        0x8
 *(.vector_58)
 .vector_58     0x9d0003d0        0x8 /opt/microchip/xc32/v2.30/bin/bin/../../lib/gcc/pic32mx/4.8.3/../../../../pic32mx/lib/micromips/libpic32.a(vector58.o)
                0x9d0003d1                __vector_dispatch_58
                0x00000001                ASSERT (((_vector_spacing == 0x0) || (SIZEOF (.vector_58) <= (_vector_spacing << 0x3))), function at exception vector 58 too large)

.vector_59      0x9d0003d8        0x8
 *(.vector_59)
 .vector_59     0x9d0003d8        0x8 /opt/microchip/xc32/v2.30/bin/bin/../../lib/gcc/pic32mx/4.8.3/../../../../pic32mx/lib/micromips/libpic32.a(vector59.o)
                0x9d0003d9                __vector_dispatch_59
                0x00000001                ASSERT (((_vector_spacing == 0x0) || (SIZEOF (.vector_59) <= (_vector_spacing << 0x3))), function at exception vector 59 too large)

.vector_60      0x9d0003e0        0x8
 *(.vector_60)
 .vector_60     0x9d0003e0        0x8 /opt/microchip/xc32/v2.30/bin/bin/../../lib/gcc/pic32mx/4.8.3/../../../../pic32mx/lib/micromips/libpic32.a(vector60.o)
                0x9d0003e1                __vector_dispatch_60
                0x00000001                ASSERT (((_vector_spacing == 0x0) || (SIZEOF (.vector_60) <= (_vector_spacing << 0x3))), function at exception vector 60 too large)

.vector_61      0x9d0003e8        0x8
 *(.vector_61)
 .vector_61     0x9d0003e8        0x8 /opt/microchip/xc32/v2.30/bin/bin/../../lib/gcc/pic32mx/4.8.3/../../../../pic32mx/lib/micromips/libpic32.a(vector61.o)
                0x9d0003e9                __vector_dispatch_61
                0x00000001                ASSERT (((_vector_spacing == 0x0) || (SIZEOF (.vector_61) <= (_vector_spacing << 0x3))), function at exception vector 61 too large)

.vector_62      0x9d0003f0        0x8
 *(.vector_62)
 .vector_62     0x9d0003f0        0x8 /opt/microchip/xc32/v2.30/bin/bin/../../lib/gcc/pic32mx/4.8.3/../../../../pic32mx/lib/micromips/libpic32.a(vector62.o)
                0x9d0003f1                __vector_dispatch_62
                0x00000001                ASSERT (((_vector_spacing == 0x0) || (SIZEOF (.vector_62) <= (_vector_spacing << 0x3))), function at exception vector 62 too large)

.vector_63      0x9d0003f8        0x8
 *(.vector_63)
 .vector_63     0x9d0003f8        0x8 /opt/microchip/xc32/v2.30/bin/bin/../../lib/gcc/pic32mx/4.8.3/../../../../pic32mx/lib/micromips/libpic32.a(vector63.o)
                0x9d0003f9                __vector_dispatch_63
                0x00000001                ASSERT (((_vector_spacing == 0x0) || (SIZEOF (.vector_63) <= (_vector_spacing << 0x3))), function at exception vector 63 too large)

.vector_64      0x9d000400        0x8
 *(.vector_64)
 .vector_64     0x9d000400        0x8 /opt/microchip/xc32/v2.30/bin/bin/../../lib/gcc/pic32mx/4.8.3/../../../../pic32mx/lib/micromips/libpic32.a(vector64.o)
                0x9d000401                __vector_dispatch_64
                0x00000001                ASSERT (((_vector_spacing == 0x0) || (SIZEOF (.vector_64) <= (_vector_spacing << 0x3))), function at exception vector 64 too large)

.vector_65      0x9d000408        0x8
 *(.vector_65)
 .vector_65     0x9d000408        0x8 /opt/microchip/xc32/v2.30/bin/bin/../../lib/gcc/pic32mx/4.8.3/../../../../pic32mx/lib/micromips/libpic32.a(vector65.o)
                0x9d000409                __vector_dispatch_65
                0x00000001                ASSERT (((_vector_spacing == 0x0) || (SIZEOF (.vector_65) <= (_vector_spacing << 0x3))), function at exception vector 65 too large)

.vector_66      0x9d000410        0x8
 *(.vector_66)
 .vector_66     0x9d000410        0x8 /opt/microchip/xc32/v2.30/bin/bin/../../lib/gcc/pic32mx/4.8.3/../../../../pic32mx/lib/micromips/libpic32.a(vector66.o)
                0x9d000411                __vector_dispatch_66
                0x00000001                ASSERT (((_vector_spacing == 0x0) || (SIZEOF (.vector_66) <= (_vector_spacing << 0x3))), function at exception vector 66 too large)

.vector_67      0x9d000418        0x8
 *(.vector_67)
 .vector_67     0x9d000418        0x8 /opt/microchip/xc32/v2.30/bin/bin/../../lib/gcc/pic32mx/4.8.3/../../../../pic32mx/lib/micromips/libpic32.a(vector67.o)
                0x9d000419                __vector_dispatch_67
                0x00000001                ASSERT (((_vector_spacing == 0x0) || (SIZEOF (.vector_67) <= (_vector_spacing << 0x3))), function at exception vector 67 too large)

.vector_68      0x9d000420        0x8
 *(.vector_68)
 .vector_68     0x9d000420        0x8 /opt/microchip/xc32/v2.30/bin/bin/../../lib/gcc/pic32mx/4.8.3/../../../../pic32mx/lib/micromips/libpic32.a(vector68.o)
                0x9d000421                __vector_dispatch_68
                0x00000001                ASSERT (((_vector_spacing == 0x0) || (SIZEOF (.vector_68) <= (_vector_spacing << 0x3))), function at exception vector 68 too large)

.vector_69      0x9d000428        0x8
 *(.vector_69)
 .vector_69     0x9d000428        0x8 /opt/microchip/xc32/v2.30/bin/bin/../../lib/gcc/pic32mx/4.8.3/../../../../pic32mx/lib/micromips/libpic32.a(vector69.o)
                0x9d000429                __vector_dispatch_69
                0x00000001                ASSERT (((_vector_spacing == 0x0) || (SIZEOF (.vector_69) <= (_vector_spacing << 0x3))), function at exception vector 69 too large)

.vector_70      0x9d000430        0x8
 *(.vector_70)
 .vector_70     0x9d000430        0x8 /opt/microchip/xc32/v2.30/bin/bin/../../lib/gcc/pic32mx/4.8.3/../../../../pic32mx/lib/micromips/libpic32.a(vector70.o)
                0x9d000431                __vector_dispatch_70
                0x00000001                ASSERT (((_vector_spacing == 0x0) || (SIZEOF (.vector_70) <= (_vector_spacing << 0x3))), function at exception vector 70 too large)

.vector_71      0x9d000438        0x8
 *(.vector_71)
 .vector_71     0x9d000438        0x8 /opt/microchip/xc32/v2.30/bin/bin/../../lib/gcc/pic32mx/4.8.3/../../../../pic32mx/lib/micromips/libpic32.a(vector71.o)
                0x9d000439                __vector_dispatch_71
                0x00000001                ASSERT (((_vector_spacing == 0x0) || (SIZEOF (.vector_71) <= (_vector_spacing << 0x3))), function at exception vector 71 too large)

.vector_72      0x9d000440        0x8
 *(.vector_72)
 .vector_72     0x9d000440        0x8 /opt/microchip/xc32/v2.30/bin/bin/../../lib/gcc/pic32mx/4.8.3/../../../../pic32mx/lib/micromips/libpic32.a(vector72.o)
                0x9d000441                __vector_dispatch_72
                0x00000001                ASSERT (((_vector_spacing == 0x0) || (SIZEOF (.vector_72) <= (_vector_spacing << 0x3))), function at exception vector 72 too large)

.vector_73      0x9d000448        0x8
 *(.vector_73)
 .vector_73     0x9d000448        0x8 /opt/microchip/xc32/v2.30/bin/bin/../../lib/gcc/pic32mx/4.8.3/../../../../pic32mx/lib/micromips/libpic32.a(vector73.o)
                0x9d000449                __vector_dispatch_73
                0x00000001                ASSERT (((_vector_spacing == 0x0) || (SIZEOF (.vector_73) <= (_vector_spacing << 0x3))), function at exception vector 73 too large)

.vector_74      0x9d000450        0x8
 *(.vector_74)
 .vector_74     0x9d000450        0x8 /opt/microchip/xc32/v2.30/bin/bin/../../lib/gcc/pic32mx/4.8.3/../../../../pic32mx/lib/micromips/libpic32.a(vector74.o)
                0x9d000451                __vector_dispatch_74
                0x00000001                ASSERT (((_vector_spacing == 0x0) || (SIZEOF (.vector_74) <= (_vector_spacing << 0x3))), function at exception vector 74 too large)

.vector_75      0x9d000458        0x8
 *(.vector_75)
 .vector_75     0x9d000458        0x8 /opt/microchip/xc32/v2.30/bin/bin/../../lib/gcc/pic32mx/4.8.3/../../../../pic32mx/lib/micromips/libpic32.a(vector75.o)
                0x9d000459                __vector_dispatch_75
                0x00000001                ASSERT (((_vector_spacing == 0x0) || (SIZEOF (.vector_75) <= (_vector_spacing << 0x3))), function at exception vector 75 too large)

.vector_76      0x9d000460        0x8
 *(.vector_76)
 .vector_76     0x9d000460        0x8 /opt/microchip/xc32/v2.30/bin/bin/../../lib/gcc/pic32mx/4.8.3/../../../../pic32mx/lib/micromips/libpic32.a(vector76.o)
                0x9d000461                __vector_dispatch_76
                0x00000001                ASSERT (((_vector_spacing == 0x0) || (SIZEOF (.vector_76) <= (_vector_spacing << 0x3))), function at exception vector 76 too large)

.vector_77      0x9d000468        0x8
 *(.vector_77)
 .vector_77     0x9d000468        0x8 /opt/microchip/xc32/v2.30/bin/bin/../../lib/gcc/pic32mx/4.8.3/../../../../pic32mx/lib/micromips/libpic32.a(vector77.o)
                0x9d000469                __vector_dispatch_77
                0x00000001                ASSERT (((_vector_spacing == 0x0) || (SIZEOF (.vector_77) <= (_vector_spacing << 0x3))), function at exception vector 77 too large)

.vector_78      0x9d000470        0x8
 *(.vector_78)
 .vector_78     0x9d000470        0x8 /opt/microchip/xc32/v2.30/bin/bin/../../lib/gcc/pic32mx/4.8.3/../../../../pic32mx/lib/micromips/libpic32.a(vector78.o)
                0x9d000471                __vector_dispatch_78
                0x00000001                ASSERT (((_vector_spacing == 0x0) || (SIZEOF (.vector_78) <= (_vector_spacing << 0x3))), function at exception vector 78 too large)

.vector_79      0x9d000478        0x8
 *(.vector_79)
 .vector_79     0x9d000478        0x8 /opt/microchip/xc32/v2.30/bin/bin/../../lib/gcc/pic32mx/4.8.3/../../../../pic32mx/lib/micromips/libpic32.a(vector79.o)
                0x9d000479                __vector_dispatch_79
                0x00000001                ASSERT (((_vector_spacing == 0x0) || (SIZEOF (.vector_79) <= (_vector_spacing << 0x3))), function at exception vector 79 too large)

.vector_80      0x9d000480        0x8
 *(.vector_80)
 .vector_80     0x9d000480        0x8 /opt/microchip/xc32/v2.30/bin/bin/../../lib/gcc/pic32mx/4.8.3/../../../../pic32mx/lib/micromips/libpic32.a(vector80.o)
                0x9d000481                __vector_dispatch_80
                0x00000001                ASSERT (((_vector_spacing == 0x0) || (SIZEOF (.vector_80) <= (_vector_spacing << 0x3))), function at exception vector 80 too large)

.vector_81      0x9d000488        0x8
 *(.vector_81)
 .vector_81     0x9d000488        0x8 /opt/microchip/xc32/v2.30/bin/bin/../../lib/gcc/pic32mx/4.8.3/../../../../pic32mx/lib/micromips/libpic32.a(vector81.o)
                0x9d000489                __vector_dispatch_81
                0x00000001                ASSERT (((_vector_spacing == 0x0) || (SIZEOF (.vector_81) <= (_vector_spacing << 0x3))), function at exception vector 81 too large)

.vector_82      0x9d000490        0x8
 *(.vector_82)
 .vector_82     0x9d000490        0x8 /opt/microchip/xc32/v2.30/bin/bin/../../lib/gcc/pic32mx/4.8.3/../../../../pic32mx/lib/micromips/libpic32.a(vector82.o)
                0x9d000491                __vector_dispatch_82
                0x00000001                ASSERT (((_vector_spacing == 0x0) || (SIZEOF (.vector_82) <= (_vector_spacing << 0x3))), function at exception vector 82 too large)

.vector_83      0x9d000498        0x8
 *(.vector_83)
 .vector_83     0x9d000498        0x8 /opt/microchip/xc32/v2.30/bin/bin/../../lib/gcc/pic32mx/4.8.3/../../../../pic32mx/lib/micromips/libpic32.a(vector83.o)
                0x9d000499                __vector_dispatch_83
                0x00000001                ASSERT (((_vector_spacing == 0x0) || (SIZEOF (.vector_83) <= (_vector_spacing << 0x3))), function at exception vector 83 too large)

.vector_84      0x9d0004a0        0x8
 *(.vector_84)
 .vector_84     0x9d0004a0        0x8 /opt/microchip/xc32/v2.30/bin/bin/../../lib/gcc/pic32mx/4.8.3/../../../../pic32mx/lib/micromips/libpic32.a(vector84.o)
                0x9d0004a1                __vector_dispatch_84
                0x00000001                ASSERT (((_vector_spacing == 0x0) || (SIZEOF (.vector_84) <= (_vector_spacing << 0x3))), function at exception vector 84 too large)

.vector_85      0x9d0004a8        0x8
 *(.vector_85)
 .vector_85     0x9d0004a8        0x8 /opt/microchip/xc32/v2.30/bin/bin/../../lib/gcc/pic32mx/4.8.3/../../../../pic32mx/lib/micromips/libpic32.a(vector85.o)
                0x9d0004a9                __vector_dispatch_85
                0x00000001                ASSERT (((_vector_spacing == 0x0) || (SIZEOF (.vector_85) <= (_vector_spacing << 0x3))), function at exception vector 85 too large)

.vector_86      0x9d0004b0        0x8
 *(.vector_86)
 .vector_86     0x9d0004b0        0x8 /opt/microchip/xc32/v2.30/bin/bin/../../lib/gcc/pic32mx/4.8.3/../../../../pic32mx/lib/micromips/libpic32.a(vector86.o)
                0x9d0004b1                __vector_dispatch_86
                0x00000001                ASSERT (((_vector_spacing == 0x0) || (SIZEOF (.vector_86) <= (_vector_spacing << 0x3))), function at exception vector 86 too large)

.vector_87      0x9d0004b8        0x8
 *(.vector_87)
 .vector_87     0x9d0004b8        0x8 /opt/microchip/xc32/v2.30/bin/bin/../../lib/gcc/pic32mx/4.8.3/../../../../pic32mx/lib/micromips/libpic32.a(vector87.o)
                0x9d0004b9                __vector_dispatch_87
                0x00000001                ASSERT (((_vector_spacing == 0x0) || (SIZEOF (.vector_87) <= (_vector_spacing << 0x3))), function at exception vector 87 too large)

.vector_88      0x9d0004c0        0x8
 *(.vector_88)
 .vector_88     0x9d0004c0        0x8 /opt/microchip/xc32/v2.30/bin/bin/../../lib/gcc/pic32mx/4.8.3/../../../../pic32mx/lib/micromips/libpic32.a(vector88.o)
                0x9d0004c1                __vector_dispatch_88
                0x00000001                ASSERT (((_vector_spacing == 0x0) || (SIZEOF (.vector_88) <= (_vector_spacing << 0x3))), function at exception vector 88 too large)

.vector_89      0x9d0004c8        0x8
 *(.vector_89)
 .vector_89     0x9d0004c8        0x8 /opt/microchip/xc32/v2.30/bin/bin/../../lib/gcc/pic32mx/4.8.3/../../../../pic32mx/lib/micromips/libpic32.a(vector89.o)
                0x9d0004c9                __vector_dispatch_89
                0x00000001                ASSERT (((_vector_spacing == 0x0) || (SIZEOF (.vector_89) <= (_vector_spacing << 0x3))), function at exception vector 89 too large)

.vector_90      0x9d0004d0        0x8
 *(.vector_90)
 .vector_90     0x9d0004d0        0x8 /opt/microchip/xc32/v2.30/bin/bin/../../lib/gcc/pic32mx/4.8.3/../../../../pic32mx/lib/micromips/libpic32.a(vector90.o)
                0x9d0004d1                __vector_dispatch_90
                0x00000001                ASSERT (((_vector_spacing == 0x0) || (SIZEOF (.vector_90) <= (_vector_spacing << 0x3))), function at exception vector 90 too large)

.vector_91      0x9d0004d8        0x8
 *(.vector_91)
 .vector_91     0x9d0004d8        0x8 /opt/microchip/xc32/v2.30/bin/bin/../../lib/gcc/pic32mx/4.8.3/../../../../pic32mx/lib/micromips/libpic32.a(vector91.o)
                0x9d0004d9                __vector_dispatch_91
                0x00000001                ASSERT (((_vector_spacing == 0x0) || (SIZEOF (.vector_91) <= (_vector_spacing << 0x3))), function at exception vector 91 too large)

.vector_92      0x9d0004e0        0x8
 *(.vector_92)
 .vector_92     0x9d0004e0        0x8 /opt/microchip/xc32/v2.30/bin/bin/../../lib/gcc/pic32mx/4.8.3/../../../../pic32mx/lib/micromips/libpic32.a(vector92.o)
                0x9d0004e1                __vector_dispatch_92
                0x00000001                ASSERT (((_vector_spacing == 0x0) || (SIZEOF (.vector_92) <= (_vector_spacing << 0x3))), function at exception vector 92 too large)

.vector_93      0x9d0004e8        0x8
 *(.vector_93)
 .vector_93     0x9d0004e8        0x8 /opt/microchip/xc32/v2.30/bin/bin/../../lib/gcc/pic32mx/4.8.3/../../../../pic32mx/lib/micromips/libpic32.a(vector93.o)
                0x9d0004e9                __vector_dispatch_93
                0x00000001                ASSERT (((_vector_spacing == 0x0) || (SIZEOF (.vector_93) <= (_vector_spacing << 0x3))), function at exception vector 93 too large)

.vector_94      0x9d0004f0        0x8
 *(.vector_94)
 .vector_94     0x9d0004f0        0x8 /opt/microchip/xc32/v2.30/bin/bin/../../lib/gcc/pic32mx/4.8.3/../../../../pic32mx/lib/micromips/libpic32.a(vector94.o)
                0x9d0004f1                __vector_dispatch_94
                0x00000001                ASSERT (((_vector_spacing == 0x0) || (SIZEOF (.vector_94) <= (_vector_spacing << 0x3))), function at exception vector 94 too large)

.vector_95      0x9d0004f8        0x8
 *(.vector_95)
 .vector_95     0x9d0004f8        0x8 /opt/microchip/xc32/v2.30/bin/bin/../../lib/gcc/pic32mx/4.8.3/../../../../pic32mx/lib/micromips/libpic32.a(vector95.o)
                0x9d0004f9                __vector_dispatch_95
                0x00000001                ASSERT (((_vector_spacing == 0x0) || (SIZEOF (.vector_95) <= (_vector_spacing << 0x3))), function at exception vector 95 too large)

.vector_96      0x9d000500        0x8
 *(.vector_96)
 .vector_96     0x9d000500        0x8 /opt/microchip/xc32/v2.30/bin/bin/../../lib/gcc/pic32mx/4.8.3/../../../../pic32mx/lib/micromips/libpic32.a(vector96.o)
                0x9d000501                __vector_dispatch_96
                0x00000001                ASSERT (((_vector_spacing == 0x0) || (SIZEOF (.vector_96) <= (_vector_spacing << 0x3))), function at exception vector 96 too large)

.vector_97      0x9d000508        0x8
 *(.vector_97)
 .vector_97     0x9d000508        0x8 /opt/microchip/xc32/v2.30/bin/bin/../../lib/gcc/pic32mx/4.8.3/../../../../pic32mx/lib/micromips/libpic32.a(vector97.o)
                0x9d000509                __vector_dispatch_97
                0x00000001                ASSERT (((_vector_spacing == 0x0) || (SIZEOF (.vector_97) <= (_vector_spacing << 0x3))), function at exception vector 97 too large)

.vector_98      0x9d000510        0x8
 *(.vector_98)
 .vector_98     0x9d000510        0x8 /opt/microchip/xc32/v2.30/bin/bin/../../lib/gcc/pic32mx/4.8.3/../../../../pic32mx/lib/micromips/libpic32.a(vector98.o)
                0x9d000511                __vector_dispatch_98
                0x00000001                ASSERT (((_vector_spacing == 0x0) || (SIZEOF (.vector_98) <= (_vector_spacing << 0x3))), function at exception vector 98 too large)

.vector_99      0x9d000518        0x8
 *(.vector_99)
 .vector_99     0x9d000518        0x8 /opt/microchip/xc32/v2.30/bin/bin/../../lib/gcc/pic32mx/4.8.3/../../../../pic32mx/lib/micromips/libpic32.a(vector99.o)
                0x9d000519                __vector_dispatch_99
                0x00000001                ASSERT (((_vector_spacing == 0x0) || (SIZEOF (.vector_99) <= (_vector_spacing << 0x3))), function at exception vector 99 too large)

.vector_100     0x9d000520        0x8
 *(.vector_100)
 .vector_100    0x9d000520        0x8 /opt/microchip/xc32/v2.30/bin/bin/../../lib/gcc/pic32mx/4.8.3/../../../../pic32mx/lib/micromips/libpic32.a(vector100.o)
                0x9d000521                __vector_dispatch_100
                0x00000001                ASSERT (((_vector_spacing == 0x0) || (SIZEOF (.vector_100) <= (_vector_spacing << 0x3))), function at exception vector 100 too large)

.vector_101     0x9d000528        0x8
 *(.vector_101)
 .vector_101    0x9d000528        0x8 /opt/microchip/xc32/v2.30/bin/bin/../../lib/gcc/pic32mx/4.8.3/../../../../pic32mx/lib/micromips/libpic32.a(vector101.o)
                0x9d000529                __vector_dispatch_101
                0x00000001                ASSERT (((_vector_spacing == 0x0) || (SIZEOF (.vector_101) <= (_vector_spacing << 0x3))), function at exception vector 101 too large)

.startup
 *(.startup)

.text           0x9d000530        0x0
 *(.stub .gnu.linkonce.t.*)
 *(.text.*personality*)
 *(.mips16.fn.*)
 *(.mips16.call.*)
 *(.gnu.warning)
                0x9d000530                . = ALIGN (0x4)

.init           0x9d000530        0x0
 *crti.o(.init)
 *crtbegin.o(.init)
 *(EXCLUDE_FILE(*crtn.o *crtend?.o *crtend.o) .init)
 *crtend.o(.init)
 *crtn.o(.init)
                0x9d000530                . = ALIGN (0x4)

.fini           0x9d000530        0x0
 *(.fini)
                0x9d000530                . = ALIGN (0x4)

.preinit_array  0x9d000530        0x0
                0x9d000530                PROVIDE (__preinit_array_start, .)
 *(.preinit_array)
                0x9d000530                PROVIDE (__preinit_array_end, .)
                0x9d000530                . = ALIGN (0x4)

.init_array     0x9d000530        0x0
                0x9d000530                PROVIDE (__init_array_start, .)
 *(SORT(.init_array.*))
 *(.init_array)
                0x9d000530                PROVIDE (__init_array_end, .)
                0x9d000530                . = ALIGN (0x4)

.fini_array     0x9d000530        0x0
                0x9d000530                PROVIDE (__fini_array_start, .)
 *(SORT(.fini_array.*))
 *(.fini_array)
                0x9d000530                PROVIDE (__fini_array_end, .)
                0x9d000530                . = ALIGN (0x4)

.ctors          0x9d000530        0x0
 *crtbegin.o(.ctors)
 *crtbegin?.o(.ctors)
 *(EXCLUDE_FILE(*crtend?.o *crtend.o) .ctors)
 *(SORT(.ctors.*))
 *(.ctors)
                0x9d000530                . = ALIGN (0x4)

.dtors          0x9d000530        0x0
 *crtbegin.o(.dtors)
 *crtbegin?.o(.dtors)
 *(EXCLUDE_FILE(*crtend?.o *crtend.o) .dtors)
 *(SORT(.dtors.*))
 *(.dtors)
                0x9d000530                . = ALIGN (0x4)

.rodata         0x9d000530        0x0
 *(.gnu.linkonce.r.*)
 *(.rodata1)
                0x9d000530                . = ALIGN (0x4)

.sdata2         0x9fc00490        0x0
 *(.sdata2 .sdata2.* .gnu.linkonce.s2.*)
                0x9fc00490                . = ALIGN (0x4)

.sbss2          0x9fc00490        0x0
 *(.sbss2 .sbss2.* .gnu.linkonce.sb2.*)
                0x9fc00490                . = ALIGN (0x4)

.eh_frame_hdr
 *(.eh_frame_hdr)
                0x9fc00490                . = ALIGN (0x4)

.eh_frame
 *(.eh_frame)
                0x9fc00490                . = ALIGN (0x4)

.gcc_except_table
 *(.gcc_except_table .gcc_except_table.*)
                0x9fc00490                . = ALIGN (0x4)

.dbg_data       0x80000200        0x0
                0x80000200                . = (. + DEFINED (_DEBUGGER)?0x200:0x0)

.jcr            0x80000200        0x0
 *(.jcr)
                0x80000200                . = ALIGN (0x4)

.eh_frame
 *(.eh_frame)
                0x80000200                . = ALIGN (0x4)

.gcc_except_table
 *(.gcc_except_table .gcc_except_table.*)
                0x80000200                . = ALIGN (0x4)

.persist        0x80000200        0x0
                0x80000200                _persist_begin = .
 *(.persist .persist.*)
                0x80000200                . = ALIGN (0x4)
                0x80000200                _persist_end = .

.data           0x80000200        0x0
 *(.gnu.linkonce.d.*)
 *(.data1)
                0x80000200                . = ALIGN (0x4)
                0x80000200                . = .
                0x800081f0                _gp = (ALIGN (0x10) + 0x7ff0)

.got            0x80000200        0x0
 *(.got.plt)
 *(.got)
                0x80000200                . = ALIGN (0x4)

.sdata          0x80000200       0x28
                0x80000200                _sdata_begin = .
 *(.sdata .sdata.* .gnu.linkonce.s.*)
 .sdata         0x80000200        0x2 build/default/debug/socket.o
 *fill*         0x80000202        0x2 
 .sdata         0x80000204       0x1c build/default/debug/dhcp.o
                0x80000204                dhcp_lease_time
                0x80000208                dhcp_tick_next
                0x8000020c                HOST_NAME
                0x80000214                dhcp_ip_assign
                0x80000218                dhcp_ip_update
                0x8000021c                dhcp_ip_conflict
 .sdata         0x80000220        0x4 /opt/microchip/xc32/v2.30/bin/bin/../../lib/gcc/pic32mx/4.8.3/../../../../pic32mx/lib/micromips/liblega-c.a(_iobdata.o)
                0x80000220                _libc_data
 .sdata         0x80000224        0x4 /opt/microchip/xc32/v2.30/bin/bin/../../lib/gcc/pic32mx/4.8.3/../../../../pic32mx/lib/micromips/libpic32.a(xc32_uart.o)
                0x80000224                __XC_UART
                0x80000228                . = ALIGN (0x4)
                0x80000228                _sdata_end = .

.lit8
 *(.lit8)

.lit4
 *(.lit4)
                0x80000228                . = ALIGN (0x4)
                0x80000228                _data_end = .
                0x80000228                _bss_begin = .

.sbss           0x80000228       0x7c
                0x80000228                _sbss_begin = .
 *(.dynsbss)
 *(.sbss .sbss.* .gnu.linkonce.sb.*)
 .sbss          0x80000228        0xc build/default/debug/socket.o
                0x8000022c                sock_pack_info
 .sbss          0x80000234        0x8 build/default/debug/wizchip_conf.o
 .sbss          0x8000023c       0x1c build/default/debug/dhcp.o
                0x8000023c                OLD_allocated_ip
                0x80000240                DHCP_allocated_ip
                0x80000244                DHCP_allocated_gw
                0x80000248                DHCP_allocated_sn
                0x8000024c                DHCP_allocated_dns
                0x80000250                dhcp_state
                0x80000251                dhcp_retry_count
                0x80000254                dhcp_tick_1s
 .sbss          0x80000258        0x1 build/default/debug/dns.o
 *fill*         0x80000259        0x3 
 .sbss          0x8000025c        0x4 build/default/debug/MQTTPacket.o
 .sbss          0x80000260        0xc build/default/debug/mcc_generated_files/exceptions.o
 .sbss          0x8000026c        0x4 /opt/microchip/xc32/v2.30/bin/bin/../../lib/gcc/pic32mx/4.8.3/../../../../pic32mx/lib/micromips/liblega-c.a(errno.o)
                0x8000026c                errno
 *(.scommon)
 .scommon       0x80000270       0x19 build/default/debug/dhcp.o
                0x80000270                DHCP_CHADDR
                0x80000278                DHCP_XID
                0x8000027c                DHCP_REAL_SIP
                0x80000280                DHCP_SIP
                0x80000284                pDHCPMSG
                0x80000288                DHCP_SOCKET
 *fill*         0x80000289        0x3 
 .scommon       0x8000028c        0xe build/default/debug/dns.o
                0x8000028c                DNS_SOCKET
                0x80000290                dns_1s_tick
                0x80000294                pDNSMSG
                0x80000298                DNS_MSGID
 *fill*         0x8000029a        0x2 
 .scommon       0x8000029c        0x4 build/default/debug/mqtt_interface.o
                0x8000029c                MilliTimer
 .scommon       0x800002a0        0x1 build/default/debug/main.o
                0x800002a0                tmp
                0x800002a1                _sbss_end = .
                0x800002a4                . = ALIGN (0x4)
 *fill*         0x800002a1        0x3 

.bss            0x800002a4      0x41c
 *(.dynbss)
 *(COMMON)
 COMMON         0x800002a4      0x41c build/default/debug/main.o
                0x800002a4                pnetinfo
                0x800002c0                gDATABUF
                0x800006c0                . = ALIGN ((. != 0x0)?0x4:0x1)
                0x800006c0                . = ALIGN (0x4)
                0x800006c0                _end = .
                0x800006c0                _bss_end = .
                0x00008000                _bmxdudba_address = 0x8000
                0x00008000                _bmxdupba_address = 0x8000

/DISCARD/
 *(.pdr)
 *(.rel.dyn)
 *(.note.GNU-stack)
 *(.note.GNU-stack)
 *(.gnu_debuglink)
 *(.gnu.lto_*)
 *(.discard)

.gptab.sdata
 *(.gptab.data)
 *(.gptab.sdata)

.gptab.sbss
 *(.gptab.bss)
 *(.gptab.sbss)

.mdebug.abi32   0x00000000        0x0
 *(.mdebug.abi32)
 .mdebug.abi32  0x00000000        0x0 /opt/microchip/xc32/v2.30/bin/bin/../../lib/gcc/pic32mx/4.8.3/../../../../pic32mx/lib/micromips/software-debug-break.o
 .mdebug.abi32  0x00000000        0x0 build/default/debug/w5500.o
 .mdebug.abi32  0x00000000        0x0 build/default/debug/socket.o
 .mdebug.abi32  0x00000000        0x0 build/default/debug/wizchip_conf.o
 .mdebug.abi32  0x00000000        0x0 build/default/debug/dhcp.o
 .mdebug.abi32  0x00000000        0x0 build/default/debug/dns.o
 .mdebug.abi32  0x00000000        0x0 build/default/debug/MQTTConnectClient.o
 .mdebug.abi32  0x00000000        0x0 build/default/debug/MQTTConnectServer.o
 .mdebug.abi32  0x00000000        0x0 build/default/debug/MQTTDeserializePublish.o
 .mdebug.abi32  0x00000000        0x0 build/default/debug/MQTTFormat.o
 .mdebug.abi32  0x00000000        0x0 build/default/debug/MQTTPacket.o
 .mdebug.abi32  0x00000000        0x0 build/default/debug/MQTTSerializePublish.o
 .mdebug.abi32  0x00000000        0x0 build/default/debug/MQTTSubscribeClient.o
 .mdebug.abi32  0x00000000        0x0 build/default/debug/MQTTSubscribeServer.o
 .mdebug.abi32  0x00000000        0x0 build/default/debug/MQTTUnsubscribeClient.o
 .mdebug.abi32  0x00000000        0x0 build/default/debug/MQTTUnsubscribeServer.o
 .mdebug.abi32  0x00000000        0x0 build/default/debug/MQTTClient.o
 .mdebug.abi32  0x00000000        0x0 build/default/debug/mqtt_interface.o
 .mdebug.abi32  0x00000000        0x0 build/default/debug/mcc_generated_files/spi3.o
 .mdebug.abi32  0x00000000        0x0 build/default/debug/mcc_generated_files/system.o
 .mdebug.abi32  0x00000000        0x0 build/default/debug/mcc_generated_files/clock.o
 .mdebug.abi32  0x00000000        0x0 build/default/debug/mcc_generated_files/exceptions.o
 .mdebug.abi32  0x00000000        0x0 build/default/debug/mcc_generated_files/interrupt_manager.o
 .mdebug.abi32  0x00000000        0x0 build/default/debug/mcc_generated_files/mcc.o
 .mdebug.abi32  0x00000000        0x0 build/default/debug/mcc_generated_files/pin_manager.o
 .mdebug.abi32  0x00000000        0x0 build/default/debug/mcc_generated_files/uart1.o
 .mdebug.abi32  0x00000000        0x0 build/default/debug/main.o
 .mdebug.abi32  0x00000000        0x0 build/default/debug/delay.o
 .mdebug.abi32  0x00000000        0x0 /opt/microchip/xc32/v2.30/bin/bin/../../lib/gcc/pic32mx/4.8.3/../../../../pic32mx/lib/micromips/libpic32.a(default-bootstrap-exception-handler.o)
 .mdebug.abi32  0x00000000        0x0 /opt/microchip/xc32/v2.30/bin/bin/../../lib/gcc/pic32mx/4.8.3/../../../../pic32mx/lib/micromips/libpic32.a(default-on-reset.o)
 .mdebug.abi32  0x00000000        0x0 /opt/microchip/xc32/v2.30/bin/bin/../../lib/gcc/pic32mx/4.8.3/../../../../pic32mx/lib/micromips/libpic32.a(default-on-bootstrap.o)
 .mdebug.abi32  0x00000000        0x0 /opt/microchip/xc32/v2.30/bin/bin/../../lib/gcc/pic32mx/4.8.3/../../../../pic32mx/lib/micromips/libpic32.a(defaultinterrupt.o)
 .mdebug.abi32  0x00000000        0x0 /opt/microchip/xc32/v2.30/bin/bin/../../lib/gcc/pic32mx/4.8.3/../../../../pic32mx/lib/micromips/liblega-c.a(strncmp.o)
 .mdebug.abi32  0x00000000        0x0 /opt/microchip/xc32/v2.30/bin/bin/../../lib/gcc/pic32mx/4.8.3/../../../../pic32mx/lib/micromips/liblega-c.a(strncpy.o)
 .mdebug.abi32  0x00000000        0x0 /opt/microchip/xc32/v2.30/bin/bin/../../lib/gcc/pic32mx/4.8.3/../../../../pic32mx/lib/micromips/liblega-c.a(strchr.o)
 .mdebug.abi32  0x00000000        0x0 /opt/microchip/xc32/v2.30/bin/bin/../../lib/gcc/pic32mx/4.8.3/../../../../pic32mx/lib/micromips/liblega-c.a(fputs.o)
 .mdebug.abi32  0x00000000        0x0 /opt/microchip/xc32/v2.30/bin/bin/../../lib/gcc/pic32mx/4.8.3/../../../../pic32mx/lib/micromips/liblega-c.a(printf_cdnopsuxX.eo)
 .mdebug.abi32  0x00000000        0x0 /opt/microchip/xc32/v2.30/bin/bin/../../lib/gcc/pic32mx/4.8.3/../../../../pic32mx/lib/micromips/liblega-c.a(snprintf_cdnopsuxX.eo)
 .mdebug.abi32  0x00000000        0x0 /opt/microchip/xc32/v2.30/bin/bin/../../lib/gcc/pic32mx/4.8.3/../../../../pic32mx/lib/micromips/liblega-c.a(_doprnt_cdnopsuxX.eo)
 .mdebug.abi32  0x00000000        0x0 /opt/microchip/xc32/v2.30/bin/bin/../../lib/gcc/pic32mx/4.8.3/../../../../pic32mx/lib/micromips/liblega-c.a(_iobdata.o)
 .mdebug.abi32  0x00000000        0x0 /opt/microchip/xc32/v2.30/bin/bin/../../lib/gcc/pic32mx/4.8.3/../../../../pic32mx/lib/micromips/liblega-c.a(_iobfuncs.o)
 .mdebug.abi32  0x00000000        0x0 /opt/microchip/xc32/v2.30/bin/bin/../../lib/gcc/pic32mx/4.8.3/../../../../pic32mx/lib/micromips/liblega-c.a(_iobstring.o)
 .mdebug.abi32  0x00000000        0x0 /opt/microchip/xc32/v2.30/bin/bin/../../lib/gcc/pic32mx/4.8.3/../../../../pic32mx/lib/micromips/liblega-c.a(fputc.o)
 .mdebug.abi32  0x00000000        0x0 /opt/microchip/xc32/v2.30/bin/bin/../../lib/gcc/pic32mx/4.8.3/../../../../pic32mx/lib/micromips/liblega-c.a(errno.o)
 .mdebug.abi32  0x00000000        0x0 /opt/microchip/xc32/v2.30/bin/bin/../../lib/gcc/pic32mx/4.8.3/micromips/libgcc.a(_udivdi3.o)
 .mdebug.abi32  0x00000000        0x0 /opt/microchip/xc32/v2.30/bin/bin/../../lib/gcc/pic32mx/4.8.3/micromips/libgcc.a(_umoddi3.o)
 .mdebug.abi32  0x00000000        0x0 /opt/microchip/xc32/v2.30/bin/bin/../../lib/gcc/pic32mx/4.8.3/../../../../pic32mx/lib/micromips/libpic32.a(_mon_getc.o)
 .mdebug.abi32  0x00000000        0x0 /opt/microchip/xc32/v2.30/bin/bin/../../lib/gcc/pic32mx/4.8.3/../../../../pic32mx/lib/micromips/libpic32.a(_mon_write.o)
 .mdebug.abi32  0x00000000        0x0 /opt/microchip/xc32/v2.30/bin/bin/../../lib/gcc/pic32mx/4.8.3/../../../../pic32mx/lib/micromips/libpic32.a(xc32_uart.o)

.mdebug.abiN32
 *(.mdebug.abiN32)

.mdebug.abi64
 *(.mdebug.abi64)

.mdebug.abiO64
 *(.mdebug.abiO64)

.mdebug.eabi32
 *(.mdebug.eabi32)

.mdebug.eabi64
 *(.mdebug.eabi64)

.gcc_compiled_long32
 *(.gcc_compiled_long32)

.gcc_compiled_long64
 *(.gcc_compiled_long64)

.stab
 *(.stab)

.stabstr
 *(.stabstr)

.stab.excl
 *(.stab.excl)

.stab.exclstr
 *(.stab.exclstr)

.stab.index
 *(.stab.index)

.stab.indexstr
 *(.stab.indexstr)

.comment        0x00000000      0x46d
 *(.comment)
 .comment       0x00000000       0x3c /opt/microchip/xc32/v2.30/bin/bin/../../lib/gcc/pic32mx/4.8.3/../../../../pic32mx/lib/micromips/software-debug-break.o
                                 0x3d (size before relaxing)
 .comment       0x00000000       0x3d build/default/debug/w5500.o
 .comment       0x00000000       0x3d build/default/debug/socket.o
 .comment       0x00000000       0x3d build/default/debug/wizchip_conf.o
 .comment       0x00000000       0x3d build/default/debug/dhcp.o
 .comment       0x00000000       0x3d build/default/debug/dns.o
 .comment       0x00000000       0x3d build/default/debug/MQTTConnectClient.o
 .comment       0x00000000       0x3d build/default/debug/MQTTConnectServer.o
 .comment       0x00000000       0x3d build/default/debug/MQTTDeserializePublish.o
 .comment       0x00000000       0x3d build/default/debug/MQTTFormat.o
 .comment       0x00000000       0x3d build/default/debug/MQTTPacket.o
 .comment       0x00000000       0x3d build/default/debug/MQTTSerializePublish.o
 .comment       0x00000000       0x3d build/default/debug/MQTTSubscribeClient.o
 .comment       0x00000000       0x3d build/default/debug/MQTTSubscribeServer.o
 .comment       0x00000000       0x3d build/default/debug/MQTTUnsubscribeClient.o
 .comment       0x00000000       0x3d build/default/debug/MQTTUnsubscribeServer.o
 .comment       0x00000000       0x3d build/default/debug/MQTTClient.o
 .comment       0x00000000       0x3d build/default/debug/mqtt_interface.o
 .comment       0x00000000       0x3d build/default/debug/mcc_generated_files/spi3.o
 .comment       0x00000000       0x3d build/default/debug/mcc_generated_files/system.o
 .comment       0x00000000       0x3d build/default/debug/mcc_generated_files/clock.o
 .comment       0x00000000       0x3d build/default/debug/mcc_generated_files/exceptions.o
 .comment       0x00000000       0x3d build/default/debug/mcc_generated_files/interrupt_manager.o
 .comment       0x00000000       0x3d build/default/debug/mcc_generated_files/mcc.o
 .comment       0x00000000       0x3d build/default/debug/mcc_generated_files/pin_manager.o
 .comment       0x00000000       0x3d build/default/debug/mcc_generated_files/uart1.o
 .comment       0x00000000       0x3d build/default/debug/main.o
 .comment       0x00000000       0x3d build/default/debug/delay.o
 .comment       0x0000003c       0x18 /opt/microchip/xc32/v2.30/bin/bin/../../lib/gcc/pic32mx/4.8.3/../../../../pic32mx/lib/micromips/libpic32.a(memcmp.o)
                                 0x19 (size before relaxing)
 .comment       0x00000054       0x18 /opt/microchip/xc32/v2.30/bin/bin/../../lib/gcc/pic32mx/4.8.3/../../../../pic32mx/lib/micromips/libpic32.a(memset.o)
                                 0x19 (size before relaxing)
 .comment       0x0000006c       0x19 /opt/microchip/xc32/v2.30/bin/bin/../../lib/gcc/pic32mx/4.8.3/../../../../pic32mx/lib/micromips/libpic32.a(strcpy.o)
                                 0x1a (size before relaxing)
 .comment       0x00000085       0x19 /opt/microchip/xc32/v2.30/bin/bin/../../lib/gcc/pic32mx/4.8.3/../../../../pic32mx/lib/micromips/libpic32.a(strlen.o)
                                 0x1a (size before relaxing)
 .comment       0x00000000       0x3d /opt/microchip/xc32/v2.30/bin/bin/../../lib/gcc/pic32mx/4.8.3/../../../../pic32mx/lib/micromips/libpic32.a(default-bootstrap-exception-handler.o)
 .comment       0x00000000       0x3d /opt/microchip/xc32/v2.30/bin/bin/../../lib/gcc/pic32mx/4.8.3/../../../../pic32mx/lib/micromips/libpic32.a(default-on-reset.o)
 .comment       0x00000000       0x3d /opt/microchip/xc32/v2.30/bin/bin/../../lib/gcc/pic32mx/4.8.3/../../../../pic32mx/lib/micromips/libpic32.a(default-on-bootstrap.o)
 .comment       0x00000000       0x3d /opt/microchip/xc32/v2.30/bin/bin/../../lib/gcc/pic32mx/4.8.3/../../../../pic32mx/lib/micromips/libpic32.a(defaultinterrupt.o)
 .comment       0x0000009e       0x50 /opt/microchip/xc32/v2.30/bin/bin/../../lib/gcc/pic32mx/4.8.3/../../../../pic32mx/lib/micromips/liblega-c.a(strncmp.o)
                                 0x8d (size before relaxing)
 .comment       0x000000ee       0x50 /opt/microchip/xc32/v2.30/bin/bin/../../lib/gcc/pic32mx/4.8.3/../../../../pic32mx/lib/micromips/liblega-c.a(strncpy.o)
                                 0x8d (size before relaxing)
 .comment       0x0000013e       0x4f /opt/microchip/xc32/v2.30/bin/bin/../../lib/gcc/pic32mx/4.8.3/../../../../pic32mx/lib/micromips/liblega-c.a(strchr.o)
                                 0x8c (size before relaxing)
 .comment       0x0000018d       0x50 /opt/microchip/xc32/v2.30/bin/bin/../../lib/gcc/pic32mx/4.8.3/../../../../pic32mx/lib/micromips/liblega-c.a(fputs.o)
                                 0x8d (size before relaxing)
 .comment       0x000001dd       0x51 /opt/microchip/xc32/v2.30/bin/bin/../../lib/gcc/pic32mx/4.8.3/../../../../pic32mx/lib/micromips/liblega-c.a(printf_cdnopsuxX.eo)
                                 0x8e (size before relaxing)
 .comment       0x0000022e       0x53 /opt/microchip/xc32/v2.30/bin/bin/../../lib/gcc/pic32mx/4.8.3/../../../../pic32mx/lib/micromips/liblega-c.a(snprintf_cdnopsuxX.eo)
                                 0x90 (size before relaxing)
 .comment       0x00000281       0x52 /opt/microchip/xc32/v2.30/bin/bin/../../lib/gcc/pic32mx/4.8.3/../../../../pic32mx/lib/micromips/liblega-c.a(_doprnt_cdnopsuxX.eo)
                                 0x8f (size before relaxing)
 .comment       0x000002d3       0x53 /opt/microchip/xc32/v2.30/bin/bin/../../lib/gcc/pic32mx/4.8.3/../../../../pic32mx/lib/micromips/liblega-c.a(_iobdata.o)
                                 0x90 (size before relaxing)
 .comment       0x00000326       0x54 /opt/microchip/xc32/v2.30/bin/bin/../../lib/gcc/pic32mx/4.8.3/../../../../pic32mx/lib/micromips/liblega-c.a(_iobfuncs.o)
                                 0x91 (size before relaxing)
 .comment       0x0000037a       0x55 /opt/microchip/xc32/v2.30/bin/bin/../../lib/gcc/pic32mx/4.8.3/../../../../pic32mx/lib/micromips/liblega-c.a(_iobstring.o)
                                 0x92 (size before relaxing)
 .comment       0x000003cf       0x50 /opt/microchip/xc32/v2.30/bin/bin/../../lib/gcc/pic32mx/4.8.3/../../../../pic32mx/lib/micromips/liblega-c.a(fputc.o)
                                 0x8d (size before relaxing)
 .comment       0x0000041f       0x4e /opt/microchip/xc32/v2.30/bin/bin/../../lib/gcc/pic32mx/4.8.3/../../../../pic32mx/lib/micromips/liblega-c.a(errno.o)
                                 0x8b (size before relaxing)
 .comment       0x00000000       0x3d /opt/microchip/xc32/v2.30/bin/bin/../../lib/gcc/pic32mx/4.8.3/micromips/libgcc.a(_udivdi3.o)
 .comment       0x00000000       0x3d /opt/microchip/xc32/v2.30/bin/bin/../../lib/gcc/pic32mx/4.8.3/micromips/libgcc.a(_umoddi3.o)
 .comment       0x00000000       0x3d /opt/microchip/xc32/v2.30/bin/bin/../../lib/gcc/pic32mx/4.8.3/../../../../pic32mx/lib/micromips/libpic32.a(_mon_getc.o)
 .comment       0x00000000       0x3d /opt/microchip/xc32/v2.30/bin/bin/../../lib/gcc/pic32mx/4.8.3/../../../../pic32mx/lib/micromips/libpic32.a(_mon_write.o)
 .comment       0x00000000       0x3d /opt/microchip/xc32/v2.30/bin/bin/../../lib/gcc/pic32mx/4.8.3/../../../../pic32mx/lib/micromips/libpic32.a(xc32_uart.o)

.debug
 *.elf(.debug)
 *(.debug)

.line
 *.elf(.line)
 *(.line)

.debug_srcinfo
 *.elf(.debug_srcinfo)
 *(.debug_srcinfo)

.debug_sfnames
 *.elf(.debug_sfnames)
 *(.debug_sfnames)

.debug_aranges  0x00000000      0x4e0
 *.elf(.debug_aranges)
 *(.debug_aranges)
 .debug_aranges
                0x00000000       0x20 /opt/microchip/xc32/v2.30/bin/bin/../../lib/gcc/pic32mx/4.8.3/../../../../pic32mx/lib/micromips/software-debug-break.o
 .debug_aranges
                0x00000020       0x20 build/default/debug/w5500.o
 .debug_aranges
                0x00000040       0x20 build/default/debug/socket.o
 .debug_aranges
                0x00000060       0x20 build/default/debug/wizchip_conf.o
 .debug_aranges
                0x00000080       0x20 build/default/debug/dhcp.o
 .debug_aranges
                0x000000a0       0x20 build/default/debug/dns.o
 .debug_aranges
                0x000000c0       0x20 build/default/debug/MQTTConnectClient.o
 .debug_aranges
                0x000000e0       0x20 build/default/debug/MQTTConnectServer.o
 .debug_aranges
                0x00000100       0x20 build/default/debug/MQTTDeserializePublish.o
 .debug_aranges
                0x00000120       0x20 build/default/debug/MQTTFormat.o
 .debug_aranges
                0x00000140       0x20 build/default/debug/MQTTPacket.o
 .debug_aranges
                0x00000160       0x20 build/default/debug/MQTTSerializePublish.o
 .debug_aranges
                0x00000180       0x20 build/default/debug/MQTTSubscribeClient.o
 .debug_aranges
                0x000001a0       0x20 build/default/debug/MQTTSubscribeServer.o
 .debug_aranges
                0x000001c0       0x20 build/default/debug/MQTTUnsubscribeClient.o
 .debug_aranges
                0x000001e0       0x20 build/default/debug/MQTTUnsubscribeServer.o
 .debug_aranges
                0x00000200       0x20 build/default/debug/MQTTClient.o
 .debug_aranges
                0x00000220       0x20 build/default/debug/mqtt_interface.o
 .debug_aranges
                0x00000240       0x20 build/default/debug/mcc_generated_files/spi3.o
 .debug_aranges
                0x00000260       0x20 build/default/debug/mcc_generated_files/system.o
 .debug_aranges
                0x00000280       0x20 build/default/debug/mcc_generated_files/clock.o
 .debug_aranges
                0x000002a0       0x20 build/default/debug/mcc_generated_files/exceptions.o
 .debug_aranges
                0x000002c0       0x20 build/default/debug/mcc_generated_files/interrupt_manager.o
 .debug_aranges
                0x000002e0       0x20 build/default/debug/mcc_generated_files/mcc.o
 .debug_aranges
                0x00000300       0x20 build/default/debug/mcc_generated_files/pin_manager.o
 .debug_aranges
                0x00000320       0x20 build/default/debug/mcc_generated_files/uart1.o
 .debug_aranges
                0x00000340       0x20 build/default/debug/main.o
 .debug_aranges
                0x00000360       0x20 build/default/debug/delay.o
 .debug_aranges
                0x00000380       0x40 /tmp/cczDmIpw.o
 .debug_aranges
                0x000003c0       0x20 /opt/microchip/xc32/v2.30/bin/bin/../../lib/gcc/pic32mx/4.8.3/../../../../pic32mx/lib/micromips/pic32_software_reset-mm.o
 .debug_aranges
                0x000003e0       0x20 /opt/microchip/xc32/v2.30/bin/bin/../../lib/gcc/pic32mx/4.8.3/../../../../pic32mx/lib/micromips/libpic32.a(default-bootstrap-exception-handler.o)
 .debug_aranges
                0x00000400       0x20 /opt/microchip/xc32/v2.30/bin/bin/../../lib/gcc/pic32mx/4.8.3/../../../../pic32mx/lib/micromips/libpic32.a(default-on-reset.o)
 .debug_aranges
                0x00000420       0x20 /opt/microchip/xc32/v2.30/bin/bin/../../lib/gcc/pic32mx/4.8.3/../../../../pic32mx/lib/micromips/libpic32.a(default-on-bootstrap.o)
 .debug_aranges
                0x00000440       0x20 /opt/microchip/xc32/v2.30/bin/bin/../../lib/gcc/pic32mx/4.8.3/../../../../pic32mx/lib/micromips/libpic32.a(defaultinterrupt.o)
 .debug_aranges
                0x00000460       0x20 /opt/microchip/xc32/v2.30/bin/bin/../../lib/gcc/pic32mx/4.8.3/micromips/libgcc.a(_udivdi3.o)
 .debug_aranges
                0x00000480       0x20 /opt/microchip/xc32/v2.30/bin/bin/../../lib/gcc/pic32mx/4.8.3/micromips/libgcc.a(_umoddi3.o)
 .debug_aranges
                0x000004a0       0x20 /opt/microchip/xc32/v2.30/bin/bin/../../lib/gcc/pic32mx/4.8.3/../../../../pic32mx/lib/micromips/libpic32.a(_mon_getc.o)
 .debug_aranges
                0x000004c0       0x20 /opt/microchip/xc32/v2.30/bin/bin/../../lib/gcc/pic32mx/4.8.3/../../../../pic32mx/lib/micromips/libpic32.a(_mon_write.o)

.debug_pubnames
 *.elf(.debug_pubnames)
 *(.debug_pubnames)

.debug_info     0x00000000    0x13b2a
 *.elf(.debug_info .gnu.linkonce.wi.*)
 *(.debug_info .gnu.linkonce.wi.*)
 .debug_info    0x00000000       0xe3 /opt/microchip/xc32/v2.30/bin/bin/../../lib/gcc/pic32mx/4.8.3/../../../../pic32mx/lib/micromips/software-debug-break.o
 .debug_info    0x000000e3      0xbce build/default/debug/w5500.o
 .debug_info    0x00000cb1     0x1b2f build/default/debug/socket.o
 .debug_info    0x000027e0     0x1996 build/default/debug/wizchip_conf.o
 .debug_info    0x00004176     0x14f3 build/default/debug/dhcp.o
 .debug_info    0x00005669      0xd55 build/default/debug/dns.o
 .debug_info    0x000063be      0xcaa build/default/debug/MQTTConnectClient.o
 .debug_info    0x00007068      0xb19 build/default/debug/MQTTConnectServer.o
 .debug_info    0x00007b81      0x652 build/default/debug/MQTTDeserializePublish.o
 .debug_info    0x000081d3     0x162d build/default/debug/MQTTFormat.o
 .debug_info    0x00009800      0xccc build/default/debug/MQTTPacket.o
 .debug_info    0x0000a4cc      0x952 build/default/debug/MQTTSerializePublish.o
 .debug_info    0x0000ae1e      0x819 build/default/debug/MQTTSubscribeClient.o
 .debug_info    0x0000b637      0x732 build/default/debug/MQTTSubscribeServer.o
 .debug_info    0x0000bd69      0x72f build/default/debug/MQTTUnsubscribeClient.o
 .debug_info    0x0000c498      0x6bd build/default/debug/MQTTUnsubscribeServer.o
 .debug_info    0x0000cb55     0x1f5c build/default/debug/MQTTClient.o
 .debug_info    0x0000eab1      0x730 build/default/debug/mqtt_interface.o
 .debug_info    0x0000f1e1      0x97d build/default/debug/mcc_generated_files/spi3.o
 .debug_info    0x0000fb5e      0x2cf build/default/debug/mcc_generated_files/system.o
 .debug_info    0x0000fe2d      0x246 build/default/debug/mcc_generated_files/clock.o
 .debug_info    0x00010073      0x1ef build/default/debug/mcc_generated_files/exceptions.o
 .debug_info    0x00010262      0x25c build/default/debug/mcc_generated_files/interrupt_manager.o
 .debug_info    0x000104be      0x2e7 build/default/debug/mcc_generated_files/mcc.o
 .debug_info    0x000107a5      0x364 build/default/debug/mcc_generated_files/pin_manager.o
 .debug_info    0x00010b09      0x660 build/default/debug/mcc_generated_files/uart1.o
 .debug_info    0x00011169     0x1253 build/default/debug/main.o
 .debug_info    0x000123bc      0x1be build/default/debug/delay.o
 .debug_info    0x0001257a       0xb8 /tmp/cczDmIpw.o
 .debug_info    0x00012632      0x108 /opt/microchip/xc32/v2.30/bin/bin/../../lib/gcc/pic32mx/4.8.3/../../../../pic32mx/lib/micromips/pic32_software_reset-mm.o
 .debug_info    0x0001273a       0xf4 /opt/microchip/xc32/v2.30/bin/bin/../../lib/gcc/pic32mx/4.8.3/../../../../pic32mx/lib/micromips/libpic32.a(default-bootstrap-exception-handler.o)
 .debug_info    0x0001282e       0xcd /opt/microchip/xc32/v2.30/bin/bin/../../lib/gcc/pic32mx/4.8.3/../../../../pic32mx/lib/micromips/libpic32.a(default-on-reset.o)
 .debug_info    0x000128fb       0xd5 /opt/microchip/xc32/v2.30/bin/bin/../../lib/gcc/pic32mx/4.8.3/../../../../pic32mx/lib/micromips/libpic32.a(default-on-bootstrap.o)
 .debug_info    0x000129d0       0xe7 /opt/microchip/xc32/v2.30/bin/bin/../../lib/gcc/pic32mx/4.8.3/../../../../pic32mx/lib/micromips/libpic32.a(defaultinterrupt.o)
 .debug_info    0x00012ab7      0x751 /opt/microchip/xc32/v2.30/bin/bin/../../lib/gcc/pic32mx/4.8.3/micromips/libgcc.a(_udivdi3.o)
 .debug_info    0x00013208      0x792 /opt/microchip/xc32/v2.30/bin/bin/../../lib/gcc/pic32mx/4.8.3/micromips/libgcc.a(_umoddi3.o)
 .debug_info    0x0001399a       0xc7 /opt/microchip/xc32/v2.30/bin/bin/../../lib/gcc/pic32mx/4.8.3/../../../../pic32mx/lib/micromips/libpic32.a(_mon_getc.o)
 .debug_info    0x00013a61       0xc9 /opt/microchip/xc32/v2.30/bin/bin/../../lib/gcc/pic32mx/4.8.3/../../../../pic32mx/lib/micromips/libpic32.a(_mon_write.o)

.debug_abbrev   0x00000000     0x2c9c
 *.elf(.debug_abbrev)
 *(.debug_abbrev)
 .debug_abbrev  0x00000000       0x28 /opt/microchip/xc32/v2.30/bin/bin/../../lib/gcc/pic32mx/4.8.3/../../../../pic32mx/lib/micromips/software-debug-break.o
 .debug_abbrev  0x00000028      0x1fe build/default/debug/w5500.o
 .debug_abbrev  0x00000226      0x192 build/default/debug/socket.o
 .debug_abbrev  0x000003b8      0x290 build/default/debug/wizchip_conf.o
 .debug_abbrev  0x00000648      0x1e7 build/default/debug/dhcp.o
 .debug_abbrev  0x0000082f      0x211 build/default/debug/dns.o
 .debug_abbrev  0x00000a40      0x1a7 build/default/debug/MQTTConnectClient.o
 .debug_abbrev  0x00000be7      0x18f build/default/debug/MQTTConnectServer.o
 .debug_abbrev  0x00000d76      0x15f build/default/debug/MQTTDeserializePublish.o
 .debug_abbrev  0x00000ed5      0x1b9 build/default/debug/MQTTFormat.o
 .debug_abbrev  0x0000108e      0x296 build/default/debug/MQTTPacket.o
 .debug_abbrev  0x00001324      0x185 build/default/debug/MQTTSerializePublish.o
 .debug_abbrev  0x000014a9      0x18c build/default/debug/MQTTSubscribeClient.o
 .debug_abbrev  0x00001635      0x170 build/default/debug/MQTTSubscribeServer.o
 .debug_abbrev  0x000017a5      0x18c build/default/debug/MQTTUnsubscribeClient.o
 .debug_abbrev  0x00001931      0x170 build/default/debug/MQTTUnsubscribeServer.o
 .debug_abbrev  0x00001aa1      0x341 build/default/debug/MQTTClient.o
 .debug_abbrev  0x00001de2      0x1a8 build/default/debug/mqtt_interface.o
 .debug_abbrev  0x00001f8a      0x1c1 build/default/debug/mcc_generated_files/spi3.o
 .debug_abbrev  0x0000214b       0xa1 build/default/debug/mcc_generated_files/system.o
 .debug_abbrev  0x000021ec       0x7f build/default/debug/mcc_generated_files/clock.o
 .debug_abbrev  0x0000226b       0x61 build/default/debug/mcc_generated_files/exceptions.o
 .debug_abbrev  0x000022cc       0x8e build/default/debug/mcc_generated_files/interrupt_manager.o
 .debug_abbrev  0x0000235a       0xbd build/default/debug/mcc_generated_files/mcc.o
 .debug_abbrev  0x00002417       0x5c build/default/debug/mcc_generated_files/pin_manager.o
 .debug_abbrev  0x00002473      0x162 build/default/debug/mcc_generated_files/uart1.o
 .debug_abbrev  0x000025d5      0x2c3 build/default/debug/main.o
 .debug_abbrev  0x00002898       0x6f build/default/debug/delay.o
 .debug_abbrev  0x00002907       0x12 /tmp/cczDmIpw.o
 .debug_abbrev  0x00002919       0x14 /opt/microchip/xc32/v2.30/bin/bin/../../lib/gcc/pic32mx/4.8.3/../../../../pic32mx/lib/micromips/pic32_software_reset-mm.o
 .debug_abbrev  0x0000292d       0x28 /opt/microchip/xc32/v2.30/bin/bin/../../lib/gcc/pic32mx/4.8.3/../../../../pic32mx/lib/micromips/libpic32.a(default-bootstrap-exception-handler.o)
 .debug_abbrev  0x00002955       0x28 /opt/microchip/xc32/v2.30/bin/bin/../../lib/gcc/pic32mx/4.8.3/../../../../pic32mx/lib/micromips/libpic32.a(default-on-reset.o)
 .debug_abbrev  0x0000297d       0x28 /opt/microchip/xc32/v2.30/bin/bin/../../lib/gcc/pic32mx/4.8.3/../../../../pic32mx/lib/micromips/libpic32.a(default-on-bootstrap.o)
 .debug_abbrev  0x000029a5       0x28 /opt/microchip/xc32/v2.30/bin/bin/../../lib/gcc/pic32mx/4.8.3/../../../../pic32mx/lib/micromips/libpic32.a(defaultinterrupt.o)
 .debug_abbrev  0x000029cd      0x138 /opt/microchip/xc32/v2.30/bin/bin/../../lib/gcc/pic32mx/4.8.3/micromips/libgcc.a(_udivdi3.o)
 .debug_abbrev  0x00002b05      0x147 /opt/microchip/xc32/v2.30/bin/bin/../../lib/gcc/pic32mx/4.8.3/micromips/libgcc.a(_umoddi3.o)
 .debug_abbrev  0x00002c4c       0x28 /opt/microchip/xc32/v2.30/bin/bin/../../lib/gcc/pic32mx/4.8.3/../../../../pic32mx/lib/micromips/libpic32.a(_mon_getc.o)
 .debug_abbrev  0x00002c74       0x28 /opt/microchip/xc32/v2.30/bin/bin/../../lib/gcc/pic32mx/4.8.3/../../../../pic32mx/lib/micromips/libpic32.a(_mon_write.o)

.debug_line     0x00000000     0x31b1
 *.elf(.debug_line)
 *(.debug_line)
 .debug_line    0x00000000       0x99 /opt/microchip/xc32/v2.30/bin/bin/../../lib/gcc/pic32mx/4.8.3/../../../../pic32mx/lib/micromips/software-debug-break.o
 .debug_line    0x00000099      0x17e build/default/debug/w5500.o
 .debug_line    0x00000217      0x36c build/default/debug/socket.o
 .debug_line    0x00000583      0x2c7 build/default/debug/wizchip_conf.o
 .debug_line    0x0000084a      0x378 build/default/debug/dhcp.o
 .debug_line    0x00000bc2      0x233 build/default/debug/dns.o
 .debug_line    0x00000df5      0x12a build/default/debug/MQTTConnectClient.o
 .debug_line    0x00000f1f      0x146 build/default/debug/MQTTConnectServer.o
 .debug_line    0x00001065       0xc6 build/default/debug/MQTTDeserializePublish.o
 .debug_line    0x0000112b      0x1cc build/default/debug/MQTTFormat.o
 .debug_line    0x000012f7      0x1cf build/default/debug/MQTTPacket.o
 .debug_line    0x000014c6      0x12d build/default/debug/MQTTSerializePublish.o
 .debug_line    0x000015f3       0xdd build/default/debug/MQTTSubscribeClient.o
 .debug_line    0x000016d0       0xca build/default/debug/MQTTSubscribeServer.o
 .debug_line    0x0000179a       0xc3 build/default/debug/MQTTUnsubscribeClient.o
 .debug_line    0x0000185d       0xbe build/default/debug/MQTTUnsubscribeServer.o
 .debug_line    0x0000191b      0x2d5 build/default/debug/MQTTClient.o
 .debug_line    0x00001bf0      0x126 build/default/debug/mqtt_interface.o
 .debug_line    0x00001d16      0x23c build/default/debug/mcc_generated_files/spi3.o
 .debug_line    0x00001f52      0x163 build/default/debug/mcc_generated_files/system.o
 .debug_line    0x000020b5      0x12e build/default/debug/mcc_generated_files/clock.o
 .debug_line    0x000021e3       0x8b build/default/debug/mcc_generated_files/exceptions.o
 .debug_line    0x0000226e      0x11a build/default/debug/mcc_generated_files/interrupt_manager.o
 .debug_line    0x00002388      0x117 build/default/debug/mcc_generated_files/mcc.o
 .debug_line    0x0000249f      0x129 build/default/debug/mcc_generated_files/pin_manager.o
 .debug_line    0x000025c8      0x144 build/default/debug/mcc_generated_files/uart1.o
 .debug_line    0x0000270c      0x2a1 build/default/debug/main.o
 .debug_line    0x000029ad       0x77 build/default/debug/delay.o
 .debug_line    0x00002a24      0x14a /tmp/cczDmIpw.o
 .debug_line    0x00002b6e       0xb6 /opt/microchip/xc32/v2.30/bin/bin/../../lib/gcc/pic32mx/4.8.3/../../../../pic32mx/lib/micromips/pic32_software_reset-mm.o
 .debug_line    0x00002c24       0xa6 /opt/microchip/xc32/v2.30/bin/bin/../../lib/gcc/pic32mx/4.8.3/../../../../pic32mx/lib/micromips/libpic32.a(default-bootstrap-exception-handler.o)
 .debug_line    0x00002cca       0x93 /opt/microchip/xc32/v2.30/bin/bin/../../lib/gcc/pic32mx/4.8.3/../../../../pic32mx/lib/micromips/libpic32.a(default-on-reset.o)
 .debug_line    0x00002d5d       0x97 /opt/microchip/xc32/v2.30/bin/bin/../../lib/gcc/pic32mx/4.8.3/../../../../pic32mx/lib/micromips/libpic32.a(default-on-bootstrap.o)
 .debug_line    0x00002df4       0xa5 /opt/microchip/xc32/v2.30/bin/bin/../../lib/gcc/pic32mx/4.8.3/../../../../pic32mx/lib/micromips/libpic32.a(defaultinterrupt.o)
 .debug_line    0x00002e99       0xf8 /opt/microchip/xc32/v2.30/bin/bin/../../lib/gcc/pic32mx/4.8.3/micromips/libgcc.a(_udivdi3.o)
 .debug_line    0x00002f91      0x107 /opt/microchip/xc32/v2.30/bin/bin/../../lib/gcc/pic32mx/4.8.3/micromips/libgcc.a(_umoddi3.o)
 .debug_line    0x00003098       0x8c /opt/microchip/xc32/v2.30/bin/bin/../../lib/gcc/pic32mx/4.8.3/../../../../pic32mx/lib/micromips/libpic32.a(_mon_getc.o)
 .debug_line    0x00003124       0x8d /opt/microchip/xc32/v2.30/bin/bin/../../lib/gcc/pic32mx/4.8.3/../../../../pic32mx/lib/micromips/libpic32.a(_mon_write.o)
 .debug_line    0x000031b1        0x0 /opt/microchip/xc32/v2.30/bin/bin/../../lib/gcc/pic32mx/4.8.3/../../../../pic32mx/lib/micromips/libpic32.a(xc32_uart.o)

.debug_frame    0x00000000     0x2004
 *.elf(.debug_frame)
 *(.debug_frame)
 .debug_frame   0x00000000       0x20 /opt/microchip/xc32/v2.30/bin/bin/../../lib/gcc/pic32mx/4.8.3/../../../../pic32mx/lib/micromips/software-debug-break.o
 .debug_frame   0x00000020      0x158 build/default/debug/w5500.o
 .debug_frame   0x00000178      0x1c8 build/default/debug/socket.o
 .debug_frame   0x00000340      0x4e8 build/default/debug/wizchip_conf.o
 .debug_frame   0x00000828      0x30c build/default/debug/dhcp.o
 .debug_frame   0x00000b34      0x188 build/default/debug/dns.o
 .debug_frame   0x00000cbc       0xf0 build/default/debug/MQTTConnectClient.o
 .debug_frame   0x00000dac       0x80 build/default/debug/MQTTConnectServer.o
 .debug_frame   0x00000e2c       0x5c build/default/debug/MQTTDeserializePublish.o
 .debug_frame   0x00000e88      0x174 build/default/debug/MQTTFormat.o
 .debug_frame   0x00000ffc      0x278 build/default/debug/MQTTPacket.o
 .debug_frame   0x00001274       0xec build/default/debug/MQTTSerializePublish.o
 .debug_frame   0x00001360       0x84 build/default/debug/MQTTSubscribeClient.o
 .debug_frame   0x000013e4       0x5c build/default/debug/MQTTSubscribeServer.o
 .debug_frame   0x00001440       0x80 build/default/debug/MQTTUnsubscribeClient.o
 .debug_frame   0x000014c0       0x5c build/default/debug/MQTTUnsubscribeServer.o
 .debug_frame   0x0000151c      0x29c build/default/debug/MQTTClient.o
 .debug_frame   0x000017b8      0x180 build/default/debug/mqtt_interface.o
 .debug_frame   0x00001938       0xfc build/default/debug/mcc_generated_files/spi3.o
 .debug_frame   0x00001a34       0x58 build/default/debug/mcc_generated_files/system.o
 .debug_frame   0x00001a8c       0x74 build/default/debug/mcc_generated_files/clock.o
 .debug_frame   0x00001b00       0x2c build/default/debug/mcc_generated_files/exceptions.o
 .debug_frame   0x00001b2c       0x30 build/default/debug/mcc_generated_files/interrupt_manager.o
 .debug_frame   0x00001b5c       0x34 build/default/debug/mcc_generated_files/mcc.o
 .debug_frame   0x00001b90       0x30 build/default/debug/mcc_generated_files/pin_manager.o
 .debug_frame   0x00001bc0      0x178 build/default/debug/mcc_generated_files/uart1.o
 .debug_frame   0x00001d38      0x144 build/default/debug/main.o
 .debug_frame   0x00001e7c       0x58 build/default/debug/delay.o
 .debug_frame   0x00001ed4       0x2c /opt/microchip/xc32/v2.30/bin/bin/../../lib/gcc/pic32mx/4.8.3/../../../../pic32mx/lib/micromips/libpic32.a(default-bootstrap-exception-handler.o)
 .debug_frame   0x00001f00       0x20 /opt/microchip/xc32/v2.30/bin/bin/../../lib/gcc/pic32mx/4.8.3/../../../../pic32mx/lib/micromips/libpic32.a(default-on-reset.o)
 .debug_frame   0x00001f20       0x20 /opt/microchip/xc32/v2.30/bin/bin/../../lib/gcc/pic32mx/4.8.3/../../../../pic32mx/lib/micromips/libpic32.a(default-on-bootstrap.o)
 .debug_frame   0x00001f40       0x20 /opt/microchip/xc32/v2.30/bin/bin/../../lib/gcc/pic32mx/4.8.3/../../../../pic32mx/lib/micromips/libpic32.a(defaultinterrupt.o)
 .debug_frame   0x00001f60       0x20 /opt/microchip/xc32/v2.30/bin/bin/../../lib/gcc/pic32mx/4.8.3/micromips/libgcc.a(_udivdi3.o)
 .debug_frame   0x00001f80       0x20 /opt/microchip/xc32/v2.30/bin/bin/../../lib/gcc/pic32mx/4.8.3/micromips/libgcc.a(_umoddi3.o)
 .debug_frame   0x00001fa0       0x34 /opt/microchip/xc32/v2.30/bin/bin/../../lib/gcc/pic32mx/4.8.3/../../../../pic32mx/lib/micromips/libpic32.a(_mon_getc.o)
 .debug_frame   0x00001fd4       0x30 /opt/microchip/xc32/v2.30/bin/bin/../../lib/gcc/pic32mx/4.8.3/../../../../pic32mx/lib/micromips/libpic32.a(_mon_write.o)

.debug_str      0x00000000      0x32c
 *.elf(.debug_str)
 *(.debug_str)
 .debug_str     0x00000000        0x0 /opt/microchip/xc32/v2.30/bin/bin/../../lib/gcc/pic32mx/4.8.3/../../../../pic32mx/lib/micromips/software-debug-break.o
 .debug_str     0x00000000       0x11 build/default/debug/w5500.o
 .debug_str     0x00000011        0x9 build/default/debug/socket.o
 .debug_str     0x0000001a       0x11 build/default/debug/wizchip_conf.o
 .debug_str     0x0000002b        0x0 build/default/debug/dhcp.o
 .debug_str     0x0000002b        0xc build/default/debug/dns.o
 .debug_str     0x00000037       0x46 build/default/debug/MQTTConnectClient.o
 .debug_str     0x0000007d       0x38 build/default/debug/MQTTConnectServer.o
 .debug_str     0x000000b5        0x9 build/default/debug/MQTTDeserializePublish.o